Archive member included to satisfy reference by file (symbol)

/usr/lib/gcc/arm-none-eabi/10.3.1/thumb/v6-m/nofp/libgcc.a(_dvmd_tls.o)
                              CMakeFiles/pico-tv-blink.dir/home/tv/pico/pico-sdk/src/rp2_common/pico_divider/divider.S.obj (__aeabi_idiv0)
/usr/lib/gcc/arm-none-eabi/10.3.1/../../../arm-none-eabi/lib/thumb/v6-m/nofp/libg.a(lib_a-atexit.o)
                              /usr/lib/gcc/arm-none-eabi/10.3.1/../../../arm-none-eabi/lib/thumb/v6-m/nofp/crt0.o (atexit)
/usr/lib/gcc/arm-none-eabi/10.3.1/../../../arm-none-eabi/lib/thumb/v6-m/nofp/libg.a(lib_a-calloc.o)
                              CMakeFiles/pico-tv-blink.dir/home/tv/pico/pico-sdk/src/rp2_common/pico_malloc/pico_malloc.c.obj (calloc)
/usr/lib/gcc/arm-none-eabi/10.3.1/../../../arm-none-eabi/lib/thumb/v6-m/nofp/libg.a(lib_a-callocr.o)
                              /usr/lib/gcc/arm-none-eabi/10.3.1/../../../arm-none-eabi/lib/thumb/v6-m/nofp/libg.a(lib_a-calloc.o) (_calloc_r)
/usr/lib/gcc/arm-none-eabi/10.3.1/../../../arm-none-eabi/lib/thumb/v6-m/nofp/libg.a(lib_a-fini.o)
                              /usr/lib/gcc/arm-none-eabi/10.3.1/../../../arm-none-eabi/lib/thumb/v6-m/nofp/crt0.o (__libc_fini_array)
/usr/lib/gcc/arm-none-eabi/10.3.1/../../../arm-none-eabi/lib/thumb/v6-m/nofp/libg.a(lib_a-impure.o)
                              /usr/lib/gcc/arm-none-eabi/10.3.1/../../../arm-none-eabi/lib/thumb/v6-m/nofp/libg.a(lib_a-calloc.o) (_impure_ptr)
/usr/lib/gcc/arm-none-eabi/10.3.1/../../../arm-none-eabi/lib/thumb/v6-m/nofp/libg.a(lib_a-init.o)
                              /usr/lib/gcc/arm-none-eabi/10.3.1/../../../arm-none-eabi/lib/thumb/v6-m/nofp/crt0.o (__libc_init_array)
/usr/lib/gcc/arm-none-eabi/10.3.1/../../../arm-none-eabi/lib/thumb/v6-m/nofp/libg.a(lib_a-malloc.o)
                              CMakeFiles/pico-tv-blink.dir/home/tv/pico/pico-sdk/src/rp2_common/pico_malloc/pico_malloc.c.obj (malloc)
/usr/lib/gcc/arm-none-eabi/10.3.1/../../../arm-none-eabi/lib/thumb/v6-m/nofp/libg.a(lib_a-mallocr.o)
                              /usr/lib/gcc/arm-none-eabi/10.3.1/../../../arm-none-eabi/lib/thumb/v6-m/nofp/libg.a(lib_a-callocr.o) (_malloc_r)
/usr/lib/gcc/arm-none-eabi/10.3.1/../../../arm-none-eabi/lib/thumb/v6-m/nofp/libg.a(lib_a-mlock.o)
                              /usr/lib/gcc/arm-none-eabi/10.3.1/../../../arm-none-eabi/lib/thumb/v6-m/nofp/libg.a(lib_a-mallocr.o) (__malloc_lock)
/usr/lib/gcc/arm-none-eabi/10.3.1/../../../arm-none-eabi/lib/thumb/v6-m/nofp/libg.a(lib_a-realloc.o)
                              CMakeFiles/pico-tv-blink.dir/home/tv/pico/pico-sdk/src/rp2_common/pico_malloc/pico_malloc.c.obj (realloc)
/usr/lib/gcc/arm-none-eabi/10.3.1/../../../arm-none-eabi/lib/thumb/v6-m/nofp/libg.a(lib_a-reallocr.o)
                              /usr/lib/gcc/arm-none-eabi/10.3.1/../../../arm-none-eabi/lib/thumb/v6-m/nofp/libg.a(lib_a-realloc.o) (_realloc_r)
/usr/lib/gcc/arm-none-eabi/10.3.1/../../../arm-none-eabi/lib/thumb/v6-m/nofp/libg.a(lib_a-sbrkr.o)
                              /usr/lib/gcc/arm-none-eabi/10.3.1/../../../arm-none-eabi/lib/thumb/v6-m/nofp/libg.a(lib_a-mallocr.o) (_sbrk_r)
/usr/lib/gcc/arm-none-eabi/10.3.1/../../../arm-none-eabi/lib/thumb/v6-m/nofp/libg.a(lib_a-strlen-stub.o)
                              CMakeFiles/pico-tv-blink.dir/home/tv/pico/pico-sdk/src/rp2_common/pico_stdio/stdio.c.obj (strlen)
/usr/lib/gcc/arm-none-eabi/10.3.1/../../../arm-none-eabi/lib/thumb/v6-m/nofp/libg.a(lib_a-__atexit.o)
                              /usr/lib/gcc/arm-none-eabi/10.3.1/../../../arm-none-eabi/lib/thumb/v6-m/nofp/libg.a(lib_a-atexit.o) (__register_exitproc)
/usr/lib/gcc/arm-none-eabi/10.3.1/../../../arm-none-eabi/lib/thumb/v6-m/nofp/libg.a(lib_a-freer.o)
                              /usr/lib/gcc/arm-none-eabi/10.3.1/../../../arm-none-eabi/lib/thumb/v6-m/nofp/libg.a(lib_a-malloc.o) (_free_r)
/usr/lib/gcc/arm-none-eabi/10.3.1/../../../arm-none-eabi/lib/thumb/v6-m/nofp/libg.a(lib_a-memmove.o)
                              /usr/lib/gcc/arm-none-eabi/10.3.1/../../../arm-none-eabi/lib/thumb/v6-m/nofp/libg.a(lib_a-reallocr.o) (memmove)
/usr/lib/gcc/arm-none-eabi/10.3.1/../../../arm-none-eabi/lib/thumb/v6-m/nofp/libg.a(lib_a-reent.o)
                              /usr/lib/gcc/arm-none-eabi/10.3.1/../../../arm-none-eabi/lib/thumb/v6-m/nofp/libg.a(lib_a-sbrkr.o) (errno)

Discarded input sections

 .text          0x0000000000000000        0x0 /usr/lib/gcc/arm-none-eabi/10.3.1/thumb/v6-m/nofp/crti.o
 .data          0x0000000000000000        0x0 /usr/lib/gcc/arm-none-eabi/10.3.1/thumb/v6-m/nofp/crti.o
 .bss           0x0000000000000000        0x0 /usr/lib/gcc/arm-none-eabi/10.3.1/thumb/v6-m/nofp/crti.o
 .data          0x0000000000000000        0x4 /usr/lib/gcc/arm-none-eabi/10.3.1/thumb/v6-m/nofp/crtbegin.o
 .rodata        0x0000000000000000       0x24 /usr/lib/gcc/arm-none-eabi/10.3.1/thumb/v6-m/nofp/crtbegin.o
 .fini_array    0x0000000000000000        0x4 /usr/lib/gcc/arm-none-eabi/10.3.1/thumb/v6-m/nofp/crtbegin.o
[...]
Memory Configuration

Name             Origin             Length             Attributes
FLASH            0x0000000010000000 0x0000000000200000 xr
RAM              0x0000000020000000 0x0000000000040000 xrw
SCRATCH_X        0x0000000020040000 0x0000000000001000 xrw
SCRATCH_Y        0x0000000020041000 0x0000000000001000 xrw
*default*        0x0000000000000000 0xffffffffffffffff

Linker script and memory map

LOAD /usr/lib/gcc/arm-none-eabi/10.3.1/thumb/v6-m/nofp/crti.o
LOAD /usr/lib/gcc/arm-none-eabi/10.3.1/thumb/v6-m/nofp/crtbegin.o
LOAD /usr/lib/gcc/arm-none-eabi/10.3.1/../../../arm-none-eabi/lib/thumb/v6-m/nofp/crt0.o

.flash_begin    0x0000000010000000        0x0
                0x0000000010000000                __flash_binary_start = .

.boot2          0x0000000010000000      0x100
                0x0000000010000000                __boot2_start__ = .
 *(.boot2)
 .boot2         0x0000000010000000      0x100 /tmp/ccORt0ga.o
                0x0000000010000100                __boot2_end__ = .
                0x0000000000000001                ASSERT (((__boot2_end__ - __boot2_start__) == 0x100), ERROR: Pico second stage bootloader must be 256 bytes in size)

.text           0x0000000010000100     0x6ea8
                0x0000000010000100                __logical_binary_start = .
 *(.vectors)
 .vectors       0x0000000010000100       0xd4 CMakeFiles/pico-tv-blink.dir/home/tv/pico/pico-sdk/src/rp2_common/pico_standard_link/crt0.S.obj
                0x0000000010000100                __vectors
                0x0000000010000100                __VECTOR_TABLE
                0x00000000100001c0                isr_invalid
                0x00000000100001c0                __default_isrs_start
                0x00000000100001c2                isr_nmi
                0x00000000100001c4                isr_hardfault
                0x00000000100001c6                isr_svcall
                0x00000000100001c8                isr_pendsv
                0x00000000100001ca                isr_systick
                0x00000000100001cc                isr_irq30
                0x00000000100001cc                __unhandled_user_irq
                0x00000000100001cc                isr_irq13
                0x00000000100001cc                isr_irq27
                0x00000000100001cc                isr_irq31
                0x00000000100001cc                isr_irq5
                0x00000000100001cc                isr_irq11
                0x00000000100001cc                isr_irq23
                0x00000000100001cc                isr_irq18
                0x00000000100001cc                isr_irq28
                0x00000000100001cc                isr_irq19
                0x00000000100001cc                isr_irq0
                0x00000000100001cc                isr_irq6
                0x00000000100001cc                isr_irq22
                0x00000000100001cc                isr_irq17
                0x00000000100001cc                isr_irq14
                0x00000000100001cc                isr_irq2
                0x00000000100001cc                isr_irq10
                0x00000000100001cc                isr_irq8
                0x00000000100001cc                isr_irq24
                0x00000000100001cc                isr_irq1
                0x00000000100001cc                isr_irq7
                0x00000000100001cc                isr_irq21
                0x00000000100001cc                isr_irq20
                0x00000000100001cc                isr_irq15
                0x00000000100001cc                isr_irq25
                0x00000000100001cc                isr_irq4
                0x00000000100001cc                isr_irq16
                0x00000000100001cc                isr_irq29
                0x00000000100001cc                isr_irq26
                0x00000000100001cc                __default_isrs_end
                0x00000000100001cc                isr_irq3
                0x00000000100001cc                isr_irq12
                0x00000000100001cc                isr_irq9
                0x00000000100001d2                unhandled_user_irq_num_in_r0
 *(.binary_info_header)
 .binary_info_header
                0x00000000100001d4       0x14 CMakeFiles/pico-tv-blink.dir/home/tv/pico/pico-sdk/src/rp2_common/pico_standard_link/crt0.S.obj
                0x00000000100001e8                __binary_info_header_end = .
 *(.reset)
 .reset         0x00000000100001e8       0xa0 CMakeFiles/pico-tv-blink.dir/home/tv/pico/pico-sdk/src/rp2_common/pico_standard_link/crt0.S.obj
                0x00000000100001e8                _entry_point
 .reset         0x0000000010000288       0x30 CMakeFiles/pico-tv-blink.dir/home/tv/pico/pico-sdk/src/rp2_common/pico_standard_link/binary_info.c.obj
 *(.init)
 .init          0x00000000100002b8        0x4 /usr/lib/gcc/arm-none-eabi/10.3.1/thumb/v6-m/nofp/crti.o
                0x00000000100002b8                _init
 *(EXCLUDE_FILE(*libm.a: *libc.a:*lib_a-mem*.o *libgcc.a:) .text*)
 .text          0x00000000100002bc       0x98 /usr/lib/gcc/arm-none-eabi/10.3.1/thumb/v6-m/nofp/crtbegin.o
 .text.main     0x0000000010000354      0x3d0 CMakeFiles/pico-tv-blink.dir/pico-tv-blink.c.obj
                0x0000000010000354                main
 .text.gpio_set_function
                0x0000000010000724       0x30 CMakeFiles/pico-tv-blink.dir/home/tv/pico/pico-sdk/src/rp2_common/hardware_gpio/gpio.c.obj
                0x0000000010000724                gpio_set_function
 .text.gpio_init
                0x0000000010000754       0x16 CMakeFiles/pico-tv-blink.dir/home/tv/pico/pico-sdk/src/rp2_common/hardware_gpio/gpio.c.obj
                0x0000000010000754                gpio_init
 *fill*         0x000000001000076a        0x2 
 .text.running_on_fpga
                0x000000001000076c       0x14 CMakeFiles/pico-tv-blink.dir/home/tv/pico/pico-sdk/src/rp2_common/pico_platform/platform.c.obj
                0x000000001000076c                running_on_fpga
 .text.hw_claim_lock
                0x0000000010000780       0x18 CMakeFiles/pico-tv-blink.dir/home/tv/pico/pico-sdk/src/rp2_common/hardware_claim/claim.c.obj
                0x0000000010000780                hw_claim_lock
 .text.hw_claim_unlock
                0x0000000010000798       0x14 CMakeFiles/pico-tv-blink.dir/home/tv/pico/pico-sdk/src/rp2_common/hardware_claim/claim.c.obj
                0x0000000010000798                hw_claim_unlock
 .text.hw_claim_or_assert
                0x00000000100007ac       0x32 CMakeFiles/pico-tv-blink.dir/home/tv/pico/pico-sdk/src/rp2_common/hardware_claim/claim.c.obj
                0x00000000100007ac                hw_claim_or_assert
 .text.hw_claim_unused_from_range
                0x00000000100007de       0x50 CMakeFiles/pico-tv-blink.dir/home/tv/pico/pico-sdk/src/rp2_common/hardware_claim/claim.c.obj
                0x00000000100007de                hw_claim_unused_from_range
 *fill*         0x000000001000082e        0x2 
 .text.spin_locks_reset
                0x0000000010000830       0x20 CMakeFiles/pico-tv-blink.dir/home/tv/pico/pico-sdk/src/rp2_common/hardware_sync/sync.c.obj
                0x0000000010000830                spin_locks_reset
 .text.next_striped_spin_lock_num
                0x0000000010000850       0x1c CMakeFiles/pico-tv-blink.dir/home/tv/pico/pico-sdk/src/rp2_common/hardware_sync/sync.c.obj
                0x0000000010000850                next_striped_spin_lock_num
 .text.spin_lock_claim_unused
                0x000000001000086c       0x20 CMakeFiles/pico-tv-blink.dir/home/tv/pico/pico-sdk/src/rp2_common/hardware_sync/sync.c.obj
                0x000000001000086c                spin_lock_claim_unused
 .text.set_raw_irq_handler_and_unlock
                0x000000001000088c       0x28 CMakeFiles/pico-tv-blink.dir/home/tv/pico/pico-sdk/src/rp2_common/hardware_irq/irq.c.obj
 .text.make_branch
                0x00000000100008b4       0x48 CMakeFiles/pico-tv-blink.dir/home/tv/pico/pico-sdk/src/rp2_common/hardware_irq/irq.c.obj
 .text.insert_branch_and_link
                0x00000000100008fc       0x40 CMakeFiles/pico-tv-blink.dir/home/tv/pico/pico-sdk/src/rp2_common/hardware_irq/irq.c.obj
 .text.irq_is_enabled
                0x000000001000093c       0x18 CMakeFiles/pico-tv-blink.dir/home/tv/pico/pico-sdk/src/rp2_common/hardware_irq/irq.c.obj
                0x000000001000093c                irq_is_enabled
 .text.irq_set_mask_enabled
                0x0000000010000954       0x20 CMakeFiles/pico-tv-blink.dir/home/tv/pico/pico-sdk/src/rp2_common/hardware_irq/irq.c.obj
                0x0000000010000954                irq_set_mask_enabled
 .text.irq_set_enabled
                0x0000000010000974        0xe CMakeFiles/pico-tv-blink.dir/home/tv/pico/pico-sdk/src/rp2_common/hardware_irq/irq.c.obj
                0x0000000010000974                irq_set_enabled
 *fill*         0x0000000010000982        0x2 
 .text.irq_set_pending
                0x0000000010000984       0x10 CMakeFiles/pico-tv-blink.dir/home/tv/pico/pico-sdk/src/rp2_common/hardware_irq/irq.c.obj
                0x0000000010000984                irq_set_pending
 .text.irq_get_vtable_handler
                0x0000000010000994       0x10 CMakeFiles/pico-tv-blink.dir/home/tv/pico/pico-sdk/src/rp2_common/hardware_irq/irq.c.obj
                0x0000000010000994                irq_get_vtable_handler
 .text.irq_has_shared_handler
                0x00000000100009a4       0x24 CMakeFiles/pico-tv-blink.dir/home/tv/pico/pico-sdk/src/rp2_common/hardware_irq/irq.c.obj
                0x00000000100009a4                irq_has_shared_handler
 .text.irq_set_exclusive_handler
                0x00000000100009c8       0x54 CMakeFiles/pico-tv-blink.dir/home/tv/pico/pico-sdk/src/rp2_common/hardware_irq/irq.c.obj
                0x00000000100009c8                irq_set_exclusive_handler
 .text.irq_add_shared_handler
                0x0000000010000a1c      0x234 CMakeFiles/pico-tv-blink.dir/home/tv/pico/pico-sdk/src/rp2_common/hardware_irq/irq.c.obj
                0x0000000010000a1c                irq_add_shared_handler
 .text.irq_remove_handler
                0x0000000010000c50      0x1ac CMakeFiles/pico-tv-blink.dir/home/tv/pico/pico-sdk/src/rp2_common/hardware_irq/irq.c.obj
                0x0000000010000c50                irq_remove_handler
 .text.irq_add_tail_to_free_list
                0x0000000010000dfc       0xf0 CMakeFiles/pico-tv-blink.dir/home/tv/pico/pico-sdk/src/rp2_common/hardware_irq/irq.c.obj
                0x0000000010000dfc                irq_add_tail_to_free_list
 .text.irq_init_priorities
                0x0000000010000eec       0x1c CMakeFiles/pico-tv-blink.dir/home/tv/pico/pico-sdk/src/rp2_common/hardware_irq/irq.c.obj
                0x0000000010000eec                irq_init_priorities
 .text.user_irq_claim_unused
                0x0000000010000f08       0x28 CMakeFiles/pico-tv-blink.dir/home/tv/pico/pico-sdk/src/rp2_common/hardware_irq/irq.c.obj
                0x0000000010000f08                user_irq_claim_unused
 .text.lock_init
                0x0000000010000f30       0x10 CMakeFiles/pico-tv-blink.dir/home/tv/pico/pico-sdk/src/common/pico_sync/lock_core.c.obj
                0x0000000010000f30                lock_init
 .text.mutex_init
                0x0000000010000f40       0x1a CMakeFiles/pico-tv-blink.dir/home/tv/pico/pico-sdk/src/common/pico_sync/mutex.c.obj
                0x0000000010000f40                mutex_init
 .text.recursive_mutex_init
                0x0000000010000f5a       0x1e CMakeFiles/pico-tv-blink.dir/home/tv/pico/pico-sdk/src/common/pico_sync/mutex.c.obj
                0x0000000010000f5a                recursive_mutex_init
 .text.critical_section_init_with_lock_num
                0x0000000010000f78       0x14 CMakeFiles/pico-tv-blink.dir/home/tv/pico/pico-sdk/src/common/pico_sync/critical_section.c.obj
                0x0000000010000f78                critical_section_init_with_lock_num
 .text.critical_section_init
                0x0000000010000f8c       0x14 CMakeFiles/pico-tv-blink.dir/home/tv/pico/pico-sdk/src/common/pico_sync/critical_section.c.obj
                0x0000000010000f8c                critical_section_init
 .text.alarm_pool_post_alloc_init
                0x0000000010000fa0       0x40 CMakeFiles/pico-tv-blink.dir/home/tv/pico/pico-sdk/src/common/pico_time/time.c.obj
 .text.sleep_until_callback
                0x0000000010000fe0       0x30 CMakeFiles/pico-tv-blink.dir/home/tv/pico/pico-sdk/src/common/pico_time/time.c.obj
 .text.timer_pool_entry_comparator
                0x0000000010001010       0x7c CMakeFiles/pico-tv-blink.dir/home/tv/pico/pico-sdk/src/common/pico_time/time.c.obj
                0x0000000010001010                timer_pool_entry_comparator
 .text.ph_add_child_node
                0x000000001000108c       0xa4 CMakeFiles/pico-tv-blink.dir/home/tv/pico/pico-sdk/src/common/pico_time/time.c.obj
 .text.ph_merge_nodes
                0x0000000010001130       0x3e CMakeFiles/pico-tv-blink.dir/home/tv/pico/pico-sdk/src/common/pico_time/time.c.obj
 *fill*         0x000000001000116e        0x2 
 .text.add_alarm_under_lock
                0x0000000010001170      0x174 CMakeFiles/pico-tv-blink.dir/home/tv/pico/pico-sdk/src/common/pico_time/time.c.obj
 .text.alarm_pool_alarm_callback
                0x00000000100012e4      0x33c CMakeFiles/pico-tv-blink.dir/home/tv/pico/pico-sdk/src/common/pico_time/time.c.obj
 .text.alarm_pool_init_default
                0x0000000010001620       0x40 CMakeFiles/pico-tv-blink.dir/home/tv/pico/pico-sdk/src/common/pico_time/time.c.obj
                0x0000000010001620                alarm_pool_init_default
 .text.alarm_pool_get_default
                0x0000000010001660       0x2c CMakeFiles/pico-tv-blink.dir/home/tv/pico/pico-sdk/src/common/pico_time/time.c.obj
                0x0000000010001660                alarm_pool_get_default
 .text.alarm_pool_add_alarm_at
                0x000000001000168c      0x168 CMakeFiles/pico-tv-blink.dir/home/tv/pico/pico-sdk/src/common/pico_time/time.c.obj
                0x000000001000168c                alarm_pool_add_alarm_at
 .text.alarm_pool_cancel_alarm
                0x00000000100017f4       0xf8 CMakeFiles/pico-tv-blink.dir/home/tv/pico/pico-sdk/src/common/pico_time/time.c.obj
                0x00000000100017f4                alarm_pool_cancel_alarm
 .text.alarm_pool_core_num
                0x00000000100018ec        0x4 CMakeFiles/pico-tv-blink.dir/home/tv/pico/pico-sdk/src/common/pico_time/time.c.obj
                0x00000000100018ec                alarm_pool_core_num
 .text.sleep_until
                0x00000000100018f0       0xfc CMakeFiles/pico-tv-blink.dir/home/tv/pico/pico-sdk/src/common/pico_time/time.c.obj
                0x00000000100018f0                sleep_until
 .text.sleep_us
                0x00000000100019ec       0x58 CMakeFiles/pico-tv-blink.dir/home/tv/pico/pico-sdk/src/common/pico_time/time.c.obj
                0x00000000100019ec                sleep_us
 .text.sleep_ms
                0x0000000010001a44       0x14 CMakeFiles/pico-tv-blink.dir/home/tv/pico/pico-sdk/src/common/pico_time/time.c.obj
                0x0000000010001a44                sleep_ms
 .text.best_effort_wfe_or_timeout
                0x0000000010001a58       0xac CMakeFiles/pico-tv-blink.dir/home/tv/pico/pico-sdk/src/common/pico_time/time.c.obj
                0x0000000010001a58                best_effort_wfe_or_timeout
 .text.hardware_alarm_irq_handler
                0x0000000010001b04       0x90 CMakeFiles/pico-tv-blink.dir/home/tv/pico/pico-sdk/src/rp2_common/hardware_timer/timer.c.obj
 .text.hardware_alarm_claim
                0x0000000010001b94       0x18 CMakeFiles/pico-tv-blink.dir/home/tv/pico/pico-sdk/src/rp2_common/hardware_timer/timer.c.obj
                0x0000000010001b94                hardware_alarm_claim
 .text.time_us_64
                0x0000000010001bac       0x18 CMakeFiles/pico-tv-blink.dir/home/tv/pico/pico-sdk/src/rp2_common/hardware_timer/timer.c.obj
                0x0000000010001bac                time_us_64
 .text.busy_wait_until
                0x0000000010001bc4       0x28 CMakeFiles/pico-tv-blink.dir/home/tv/pico/pico-sdk/src/rp2_common/hardware_timer/timer.c.obj
                0x0000000010001bc4                busy_wait_until
 .text.busy_wait_us
                0x0000000010001bec       0x48 CMakeFiles/pico-tv-blink.dir/home/tv/pico/pico-sdk/src/rp2_common/hardware_timer/timer.c.obj
                0x0000000010001bec                busy_wait_us
 .text.hardware_alarm_set_callback
                0x0000000010001c34       0x90 CMakeFiles/pico-tv-blink.dir/home/tv/pico/pico-sdk/src/rp2_common/hardware_timer/timer.c.obj
                0x0000000010001c34                hardware_alarm_set_callback
 .text.hardware_alarm_set_target
                0x0000000010001cc4       0xe8 CMakeFiles/pico-tv-blink.dir/home/tv/pico/pico-sdk/src/rp2_common/hardware_timer/timer.c.obj
                0x0000000010001cc4                hardware_alarm_set_target
 .text.hardware_alarm_cancel
                0x0000000010001dac       0x40 CMakeFiles/pico-tv-blink.dir/home/tv/pico/pico-sdk/src/rp2_common/hardware_timer/timer.c.obj
                0x0000000010001dac                hardware_alarm_cancel
 .text.ph_add_child_node
                0x0000000010001dec       0xa4 CMakeFiles/pico-tv-blink.dir/home/tv/pico/pico-sdk/src/common/pico_util/pheap.c.obj
 .text.ph_merge_nodes
                0x0000000010001e90       0x3e CMakeFiles/pico-tv-blink.dir/home/tv/pico/pico-sdk/src/common/pico_util/pheap.c.obj
 *fill*         0x0000000010001ece        0x2 
 .text.ph_clear
                0x0000000010001ed0       0x70 CMakeFiles/pico-tv-blink.dir/home/tv/pico/pico-sdk/src/common/pico_util/pheap.c.obj
                0x0000000010001ed0                ph_clear
 .text.ph_post_alloc_init
                0x0000000010001f40        0xe CMakeFiles/pico-tv-blink.dir/home/tv/pico/pico-sdk/src/common/pico_util/pheap.c.obj
                0x0000000010001f40                ph_post_alloc_init
 *fill*         0x0000000010001f4e        0x2 
 .text.ph_merge_two_pass
                0x0000000010001f50       0xa8 CMakeFiles/pico-tv-blink.dir/home/tv/pico/pico-sdk/src/common/pico_util/pheap.c.obj
                0x0000000010001f50                ph_merge_two_pass
 .text.ph_remove_any_head
                0x0000000010001ff8      0x128 CMakeFiles/pico-tv-blink.dir/home/tv/pico/pico-sdk/src/common/pico_util/pheap.c.obj
 .text.ph_remove_head
                0x0000000010002120       0x14 CMakeFiles/pico-tv-blink.dir/home/tv/pico/pico-sdk/src/common/pico_util/pheap.c.obj
                0x0000000010002120                ph_remove_head
 .text.ph_remove_and_free_node
                0x0000000010002134       0xf8 CMakeFiles/pico-tv-blink.dir/home/tv/pico/pico-sdk/src/common/pico_util/pheap.c.obj
                0x0000000010002134                ph_remove_and_free_node
 .text.uart_disable_before_lcr_write
                0x000000001000222c       0x48 CMakeFiles/pico-tv-blink.dir/home/tv/pico/pico-sdk/src/rp2_common/hardware_uart/uart.c.obj
 .text.uart_write_lcr_bits_masked
                0x0000000010002274       0x22 CMakeFiles/pico-tv-blink.dir/home/tv/pico/pico-sdk/src/rp2_common/hardware_uart/uart.c.obj
 *fill*         0x0000000010002296        0x2 
 .text.uart_set_baudrate
                0x0000000010002298       0x5c CMakeFiles/pico-tv-blink.dir/home/tv/pico/pico-sdk/src/rp2_common/hardware_uart/uart.c.obj
                0x0000000010002298                uart_set_baudrate
 .text.uart_set_format
                0x00000000100022f4       0x2c CMakeFiles/pico-tv-blink.dir/home/tv/pico/pico-sdk/src/rp2_common/hardware_uart/uart.c.obj
                0x00000000100022f4                uart_set_format
 .text.uart_set_translate_crlf
                0x0000000010002320       0x28 CMakeFiles/pico-tv-blink.dir/home/tv/pico/pico-sdk/src/rp2_common/hardware_uart/uart.c.obj
                0x0000000010002320                uart_set_translate_crlf
 .text.uart_init
                0x0000000010002348       0x80 CMakeFiles/pico-tv-blink.dir/home/tv/pico/pico-sdk/src/rp2_common/hardware_uart/uart.c.obj
                0x0000000010002348                uart_init
 .text.clock_configure
                0x00000000100023c8      0x108 CMakeFiles/pico-tv-blink.dir/home/tv/pico/pico-sdk/src/rp2_common/hardware_clocks/clocks.c.obj
                0x00000000100023c8                clock_configure
 .text.clocks_init
                0x00000000100024d0      0x100 CMakeFiles/pico-tv-blink.dir/home/tv/pico/pico-sdk/src/rp2_common/hardware_clocks/clocks.c.obj
                0x00000000100024d0                clocks_init
 .text.clock_get_hz
                0x00000000100025d0        0xc CMakeFiles/pico-tv-blink.dir/home/tv/pico/pico-sdk/src/rp2_common/hardware_clocks/clocks.c.obj
                0x00000000100025d0                clock_get_hz
 .text.pll_init
                0x00000000100025dc      0x120 CMakeFiles/pico-tv-blink.dir/home/tv/pico/pico-sdk/src/rp2_common/hardware_pll/pll.c.obj
                0x00000000100025dc                pll_init
 .text.watchdog_start_tick
                0x00000000100026fc       0x10 CMakeFiles/pico-tv-blink.dir/home/tv/pico/pico-sdk/src/rp2_common/hardware_watchdog/watchdog.c.obj
                0x00000000100026fc                watchdog_start_tick
 .text.watchdog_update
                0x000000001000270c       0x14 CMakeFiles/pico-tv-blink.dir/home/tv/pico/pico-sdk/src/rp2_common/hardware_watchdog/watchdog.c.obj
                0x000000001000270c                watchdog_update
 .text._watchdog_enable
                0x0000000010002720       0x78 CMakeFiles/pico-tv-blink.dir/home/tv/pico/pico-sdk/src/rp2_common/hardware_watchdog/watchdog.c.obj
                0x0000000010002720                _watchdog_enable
 .text.watchdog_reboot
                0x0000000010002798       0x48 CMakeFiles/pico-tv-blink.dir/home/tv/pico/pico-sdk/src/rp2_common/hardware_watchdog/watchdog.c.obj
                0x0000000010002798                watchdog_reboot
 .text.xosc_init
                0x00000000100027e0       0x28 CMakeFiles/pico-tv-blink.dir/home/tv/pico/pico-sdk/src/rp2_common/hardware_xosc/xosc.c.obj
                0x00000000100027e0                xosc_init
 .text._exit    0x0000000010002808        0x4 CMakeFiles/pico-tv-blink.dir/home/tv/pico/pico-sdk/src/rp2_common/pico_runtime/runtime.c.obj
                0x0000000010002808                _exit
 .text.exit     0x000000001000280c        0x6 CMakeFiles/pico-tv-blink.dir/home/tv/pico/pico-sdk/src/rp2_common/pico_runtime/runtime.c.obj
                0x000000001000280c                exit
 *fill*         0x0000000010002812        0x2 
 .text.__assert_func
                0x0000000010002814       0x3c CMakeFiles/pico-tv-blink.dir/home/tv/pico/pico-sdk/src/rp2_common/pico_runtime/runtime.c.obj
                0x0000000010002814                __assert_func
 .text.runtime_init
                0x0000000010002850       0xf8 CMakeFiles/pico-tv-blink.dir/home/tv/pico/pico-sdk/src/rp2_common/pico_runtime/runtime.c.obj
                0x0000000010002850                runtime_init
 .text.panic    0x0000000010002948       0x30 CMakeFiles/pico-tv-blink.dir/home/tv/pico/pico-sdk/src/rp2_common/pico_runtime/runtime.c.obj
                0x0000000010002948                panic
 .text._out_null
                0x0000000010002978        0x2 CMakeFiles/pico-tv-blink.dir/home/tv/pico/pico-sdk/src/rp2_common/pico_printf/printf.c.obj
 .text._out_fct
                0x000000001000297a        0xe CMakeFiles/pico-tv-blink.dir/home/tv/pico/pico-sdk/src/rp2_common/pico_printf/printf.c.obj
 .text._atoi    0x0000000010002988       0x24 CMakeFiles/pico-tv-blink.dir/home/tv/pico/pico-sdk/src/rp2_common/pico_printf/printf.c.obj
 .text._out_rev
                0x00000000100029ac       0xae CMakeFiles/pico-tv-blink.dir/home/tv/pico/pico-sdk/src/rp2_common/pico_printf/printf.c.obj
 .text._ntoa_format
                0x0000000010002a5a      0x112 CMakeFiles/pico-tv-blink.dir/home/tv/pico/pico-sdk/src/rp2_common/pico_printf/printf.c.obj
 .text._ntoa_long
                0x0000000010002b6c       0xbc CMakeFiles/pico-tv-blink.dir/home/tv/pico/pico-sdk/src/rp2_common/pico_printf/printf.c.obj
 .text._ntoa_long_long
                0x0000000010002c28       0xe2 CMakeFiles/pico-tv-blink.dir/home/tv/pico/pico-sdk/src/rp2_common/pico_printf/printf.c.obj
 *fill*         0x0000000010002d0a        0x2 
 .text._etoa    0x0000000010002d0c      0x414 CMakeFiles/pico-tv-blink.dir/home/tv/pico/pico-sdk/src/rp2_common/pico_printf/printf.c.obj
 .text._ftoa    0x0000000010003120      0x354 CMakeFiles/pico-tv-blink.dir/home/tv/pico/pico-sdk/src/rp2_common/pico_printf/printf.c.obj
 .text._vsnprintf
                0x0000000010003474      0x624 CMakeFiles/pico-tv-blink.dir/home/tv/pico/pico-sdk/src/rp2_common/pico_printf/printf.c.obj
 .text.vfctprintf
                0x0000000010003a98       0x20 CMakeFiles/pico-tv-blink.dir/home/tv/pico/pico-sdk/src/rp2_common/pico_printf/printf.c.obj
                0x0000000010003a98                vfctprintf
 .text          0x0000000010003ab8       0x10 CMakeFiles/pico-tv-blink.dir/home/tv/pico/pico-sdk/src/rp2_common/pico_bit_ops/bit_ops_aeabi.S.obj
 .text.rom_func_lookup
                0x0000000010003ac8       0x10 CMakeFiles/pico-tv-blink.dir/home/tv/pico/pico-sdk/src/rp2_common/pico_bootrom/bootrom.c.obj
                0x0000000010003ac8                rom_func_lookup
 .text.rom_data_lookup
                0x0000000010003ad8       0x10 CMakeFiles/pico-tv-blink.dir/home/tv/pico/pico-sdk/src/rp2_common/pico_bootrom/bootrom.c.obj
                0x0000000010003ad8                rom_data_lookup
 .text.rom_funcs_lookup
                0x0000000010003ae8       0x36 CMakeFiles/pico-tv-blink.dir/home/tv/pico/pico-sdk/src/rp2_common/pico_bootrom/bootrom.c.obj
                0x0000000010003ae8                rom_funcs_lookup
 *fill*         0x0000000010003b1e        0x2 
 .text.__wrap___aeabi_idiv
                0x0000000010003b20       0x50 CMakeFiles/pico-tv-blink.dir/home/tv/pico/pico-sdk/src/rp2_common/pico_divider/divider.S.obj
                0x0000000010003b20                __wrap___aeabi_idivmod
                0x0000000010003b20                divmod_s32s32
                0x0000000010003b20                div_s32s32
                0x0000000010003b20                __wrap___aeabi_idiv
                0x0000000010003b28                divmod_s32s32_unsafe
                0x0000000010003b54                divmod_s32s32_savestate
 .text.__wrap___aeabi_uidiv
                0x0000000010003b70       0x4c CMakeFiles/pico-tv-blink.dir/home/tv/pico/pico-sdk/src/rp2_common/pico_divider/divider.S.obj
                0x0000000010003b70                __wrap___aeabi_uidiv
                0x0000000010003b70                __wrap___aeabi_uidivmod
                0x0000000010003b70                div_u32u32
                0x0000000010003b70                divmod_u32u32
                0x0000000010003b78                divmod_u32u32_unsafe
                0x0000000010003ba0                divmod_u32u32_savestate
 .text.__wrap___aeabi_ldiv
                0x0000000010003bbc      0x424 CMakeFiles/pico-tv-blink.dir/home/tv/pico/pico-sdk/src/rp2_common/pico_divider/divider.S.obj
                0x0000000010003bbc                div_s64s64
                0x0000000010003bbc                divmod_s64s64
                0x0000000010003bbc                __wrap___aeabi_ldivmod
                0x0000000010003bec                div_u64u64
                0x0000000010003bec                divmod_u64u64
                0x0000000010003bec                __wrap___aeabi_uldivmod
                0x0000000010003bfc                divmod_u64u64_savestate
                0x0000000010003c1c                divmod_s64s64_unsafe
                0x0000000010003ca4                divmod_u64u64_unsafe
 .text.__wrap___aeabi_darithmetic
                0x0000000010003fe0       0x60 CMakeFiles/pico-tv-blink.dir/home/tv/pico/pico-sdk/src/rp2_common/pico_double/double_aeabi.S.obj
                0x0000000010003fe0                __wrap___aeabi_drsub
                0x0000000010003fe6                __wrap___aeabi_dsub
                0x0000000010003ff0                __wrap___aeabi_dadd
                0x0000000010003ffa                __wrap___aeabi_ddiv
                0x000000001000402e                __wrap___aeabi_dmul
 .text.__wrap___aeabi_cdcmple
                0x0000000010004040       0x6c CMakeFiles/pico-tv-blink.dir/home/tv/pico/pico-sdk/src/rp2_common/pico_double/double_aeabi.S.obj
                0x0000000010004040                __wrap___aeabi_cdrcmple
                0x0000000010004050                __wrap___aeabi_cdcmple
                0x0000000010004050                __wrap___aeabi_cdcmpeq
 .text.__wrap___aeabi_dcmplt
                0x00000000100040ac        0xc CMakeFiles/pico-tv-blink.dir/home/tv/pico/pico-sdk/src/rp2_common/pico_double/double_aeabi.S.obj
                0x00000000100040ac                __wrap___aeabi_dcmplt
 .text.__wrap___aeabi_dcmple
                0x00000000100040b8       0x10 CMakeFiles/pico-tv-blink.dir/home/tv/pico/pico-sdk/src/rp2_common/pico_double/double_aeabi.S.obj
                0x00000000100040b8                __wrap___aeabi_dcmple
 .text.__wrap___aeabi_dcmpge
                0x00000000100040c8       0x10 CMakeFiles/pico-tv-blink.dir/home/tv/pico/pico-sdk/src/rp2_common/pico_double/double_aeabi.S.obj
                0x00000000100040c8                __wrap___aeabi_dcmpge
 .text.__wrap___aeabi_dcmpgt
                0x00000000100040d8        0xa CMakeFiles/pico-tv-blink.dir/home/tv/pico/pico-sdk/src/rp2_common/pico_double/double_aeabi.S.obj
                0x00000000100040d8                __wrap___aeabi_dcmpgt
 .text.__wrap___aeabi_dcmpun
                0x00000000100040e2       0x1c CMakeFiles/pico-tv-blink.dir/home/tv/pico/pico-sdk/src/rp2_common/pico_double/double_aeabi.S.obj
                0x00000000100040e2                __wrap___aeabi_dcmpun
 *fill*         0x00000000100040fe        0x2 
 .text.__wrap___aeabi_i2d
                0x0000000010004100       0x38 CMakeFiles/pico-tv-blink.dir/home/tv/pico/pico-sdk/src/rp2_common/pico_double/double_aeabi.S.obj
                0x0000000010004100                __wrap___aeabi_ui2d
                0x0000000010004108                __wrap___aeabi_i2d
 .text.__wrap___aeabi_d2iz
                0x0000000010004138       0x48 CMakeFiles/pico-tv-blink.dir/home/tv/pico/pico-sdk/src/rp2_common/pico_double/double_aeabi.S.obj
                0x0000000010004138                __wrap___aeabi_d2iz
                0x0000000010004138                double2int_z
 .text.__wrap___aeabi_d2uiz
                0x0000000010004180       0x10 CMakeFiles/pico-tv-blink.dir/home/tv/pico/pico-sdk/src/rp2_common/pico_double/double_aeabi.S.obj
                0x0000000010004180                double2uint
                0x0000000010004180                __wrap___aeabi_d2uiz
 .text.missing_double_func_shim
                0x0000000010004190        0xc CMakeFiles/pico-tv-blink.dir/home/tv/pico/pico-sdk/src/rp2_common/pico_double/double_init_rom.c.obj
 .text.__aeabi_double_init
                0x000000001000419c       0xcc CMakeFiles/pico-tv-blink.dir/home/tv/pico/pico-sdk/src/rp2_common/pico_double/double_init_rom.c.obj
                0x000000001000419c                __aeabi_double_init
 .text.double_table_shim_on_use_helper
                0x0000000010004268       0x34 CMakeFiles/pico-tv-blink.dir/home/tv/pico/pico-sdk/src/rp2_common/pico_double/double_v1_rom_shim.S.obj
                0x0000000010004268                double_table_shim_on_use_helper
 .text.__aeabi_lmul
                0x000000001000429c       0x32 CMakeFiles/pico-tv-blink.dir/home/tv/pico/pico-sdk/src/rp2_common/pico_int64_ops/pico_int64_ops_aeabi.S.obj
                0x000000001000429c                __wrap___aeabi_lmul
 *fill*         0x00000000100042ce        0x2 
 .text.missing_float_func_shim
                0x00000000100042d0        0xc CMakeFiles/pico-tv-blink.dir/home/tv/pico/pico-sdk/src/rp2_common/pico_float/float_init_rom.c.obj
 .text.__aeabi_float_init
                0x00000000100042dc       0x88 CMakeFiles/pico-tv-blink.dir/home/tv/pico/pico-sdk/src/rp2_common/pico_float/float_init_rom.c.obj
                0x00000000100042dc                __aeabi_float_init
 .text          0x0000000010004364       0x10 CMakeFiles/pico-tv-blink.dir/home/tv/pico/pico-sdk/src/rp2_common/pico_mem_ops/mem_ops_aeabi.S.obj
                0x0000000010004364                __aeabi_mem_init
 .text.memset   0x0000000010004374        0xc CMakeFiles/pico-tv-blink.dir/home/tv/pico/pico-sdk/src/rp2_common/pico_mem_ops/mem_ops_aeabi.S.obj
                0x0000000010004374                __wrap_memset
 .text.memcpy   0x0000000010004380        0xc CMakeFiles/pico-tv-blink.dir/home/tv/pico/pico-sdk/src/rp2_common/pico_mem_ops/mem_ops_aeabi.S.obj
                0x0000000010004380                __wrap___aeabi_memcpy
                0x0000000010004380                __wrap_memcpy
 .text.stdio_out_chars_no_crlf
                0x000000001000438c        0xe CMakeFiles/pico-tv-blink.dir/home/tv/pico/pico-sdk/src/rp2_common/pico_stdio/stdio.c.obj
 *fill*         0x000000001000439a        0x2 
 .text.stdio_out_chars_crlf
                0x000000001000439c       0x80 CMakeFiles/pico-tv-blink.dir/home/tv/pico/pico-sdk/src/rp2_common/pico_stdio/stdio.c.obj
 .text.stdio_stack_buffer_flush
                0x000000001000441c       0x44 CMakeFiles/pico-tv-blink.dir/home/tv/pico/pico-sdk/src/rp2_common/pico_stdio/stdio.c.obj
 .text.stdio_buffered_printer
                0x0000000010004460       0x20 CMakeFiles/pico-tv-blink.dir/home/tv/pico/pico-sdk/src/rp2_common/pico_stdio/stdio.c.obj
 .text.stdout_serialize_begin
                0x0000000010004480       0x5c CMakeFiles/pico-tv-blink.dir/home/tv/pico/pico-sdk/src/rp2_common/pico_stdio/stdio.c.obj
                0x0000000010004480                stdout_serialize_begin
 .text.stdout_serialize_end
                0x00000000100044dc       0x10 CMakeFiles/pico-tv-blink.dir/home/tv/pico/pico-sdk/src/rp2_common/pico_stdio/stdio.c.obj
                0x00000000100044dc                stdout_serialize_end
 .text.stdio_put_string
                0x00000000100044ec       0x98 CMakeFiles/pico-tv-blink.dir/home/tv/pico/pico-sdk/src/rp2_common/pico_stdio/stdio.c.obj
 .text.stdio_set_driver_enabled
                0x0000000010004584       0x2c CMakeFiles/pico-tv-blink.dir/home/tv/pico/pico-sdk/src/rp2_common/pico_stdio/stdio.c.obj
                0x0000000010004584                stdio_set_driver_enabled
 .text.stdio_flush
                0x00000000100045b0       0x20 CMakeFiles/pico-tv-blink.dir/home/tv/pico/pico-sdk/src/rp2_common/pico_stdio/stdio.c.obj
                0x00000000100045b0                stdio_flush
 .text.__wrap_puts
                0x00000000100045d0       0x1e CMakeFiles/pico-tv-blink.dir/home/tv/pico/pico-sdk/src/rp2_common/pico_stdio/stdio.c.obj
                0x00000000100045d0                __wrap_puts
 *fill*         0x00000000100045ee        0x2 
 .text.__wrap_vprintf
                0x00000000100045f0       0x40 CMakeFiles/pico-tv-blink.dir/home/tv/pico/pico-sdk/src/rp2_common/pico_stdio/stdio.c.obj
                0x00000000100045f0                __wrap_vprintf
 .text.__wrap_printf
                0x0000000010004630       0x18 CMakeFiles/pico-tv-blink.dir/home/tv/pico/pico-sdk/src/rp2_common/pico_stdio/stdio.c.obj
                0x0000000010004630                __wrap_printf
 .text.stdio_init_all
                0x0000000010004648        0xe CMakeFiles/pico-tv-blink.dir/home/tv/pico/pico-sdk/src/rp2_common/pico_stdio/stdio.c.obj
                0x0000000010004648                stdio_init_all
 *fill*         0x0000000010004656        0x2 
 .text.stdio_uart_out_chars
                0x0000000010004658       0x74 CMakeFiles/pico-tv-blink.dir/home/tv/pico/pico-sdk/src/rp2_common/pico_stdio_uart/stdio_uart.c.obj
 .text.stdio_uart_in_chars
                0x00000000100046cc       0x80 CMakeFiles/pico-tv-blink.dir/home/tv/pico/pico-sdk/src/rp2_common/pico_stdio_uart/stdio_uart.c.obj
                0x00000000100046cc                stdio_uart_in_chars
 .text.on_uart_rx
                0x000000001000474c       0x28 CMakeFiles/pico-tv-blink.dir/home/tv/pico/pico-sdk/src/rp2_common/pico_stdio_uart/stdio_uart.c.obj
 .text.stdio_uart_set_chars_available_callback
                0x0000000010004774       0x8c CMakeFiles/pico-tv-blink.dir/home/tv/pico/pico-sdk/src/rp2_common/pico_stdio_uart/stdio_uart.c.obj
 .text.stdio_uart_init_full
                0x0000000010004800       0x44 CMakeFiles/pico-tv-blink.dir/home/tv/pico/pico-sdk/src/rp2_common/pico_stdio_uart/stdio_uart.c.obj
                0x0000000010004800                stdio_uart_init_full
 .text.stdio_uart_init
                0x0000000010004844       0x28 CMakeFiles/pico-tv-blink.dir/home/tv/pico/pico-sdk/src/rp2_common/pico_stdio_uart/stdio_uart.c.obj
                0x0000000010004844                stdio_uart_init
 .text.resetd_init
                0x000000001000486c        0x2 CMakeFiles/pico-tv-blink.dir/home/tv/pico/pico-sdk/src/rp2_common/pico_stdio_usb/reset_interface.c.obj
 *fill*         0x000000001000486e        0x2 
 .text.resetd_reset
                0x0000000010004870        0xc CMakeFiles/pico-tv-blink.dir/home/tv/pico/pico-sdk/src/rp2_common/pico_stdio_usb/reset_interface.c.obj
 .text.resetd_open
                0x000000001000487c       0x34 CMakeFiles/pico-tv-blink.dir/home/tv/pico/pico-sdk/src/rp2_common/pico_stdio_usb/reset_interface.c.obj
 .text.resetd_xfer_cb
                0x00000000100048b0        0x4 CMakeFiles/pico-tv-blink.dir/home/tv/pico/pico-sdk/src/rp2_common/pico_stdio_usb/reset_interface.c.obj
 .text.reset_usb_boot
                0x00000000100048b4       0x18 CMakeFiles/pico-tv-blink.dir/home/tv/pico/pico-sdk/src/rp2_common/pico_stdio_usb/reset_interface.c.obj
 .text.resetd_control_xfer_cb
                0x00000000100048cc       0x5c CMakeFiles/pico-tv-blink.dir/home/tv/pico/pico-sdk/src/rp2_common/pico_stdio_usb/reset_interface.c.obj
 .text.usbd_app_driver_get_cb
                0x0000000010004928        0xc CMakeFiles/pico-tv-blink.dir/home/tv/pico/pico-sdk/src/rp2_common/pico_stdio_usb/reset_interface.c.obj
                0x0000000010004928                usbd_app_driver_get_cb
 .text.tud_cdc_line_coding_cb
                0x0000000010004934       0x28 CMakeFiles/pico-tv-blink.dir/home/tv/pico/pico-sdk/src/rp2_common/pico_stdio_usb/reset_interface.c.obj
                0x0000000010004934                tud_cdc_line_coding_cb
 .text.stdio_usb_set_chars_available_callback
                0x000000001000495c       0x14 CMakeFiles/pico-tv-blink.dir/home/tv/pico/pico-sdk/src/rp2_common/pico_stdio_usb/stdio_usb.c.obj
                0x000000001000495c                stdio_usb_set_chars_available_callback
 .text.usb_irq  0x0000000010004970       0x10 CMakeFiles/pico-tv-blink.dir/home/tv/pico/pico-sdk/src/rp2_common/pico_stdio_usb/stdio_usb.c.obj
 .text.timer_task
                0x0000000010004980       0x5c CMakeFiles/pico-tv-blink.dir/home/tv/pico/pico-sdk/src/rp2_common/pico_stdio_usb/stdio_usb.c.obj
 .text.low_priority_worker_irq
                0x00000000100049dc       0xdc CMakeFiles/pico-tv-blink.dir/home/tv/pico/pico-sdk/src/rp2_common/pico_stdio_usb/stdio_usb.c.obj
 .text.tud_cdc_rx_cb
                0x0000000010004ab8       0x20 CMakeFiles/pico-tv-blink.dir/home/tv/pico/pico-sdk/src/rp2_common/pico_stdio_usb/stdio_usb.c.obj
                0x0000000010004ab8                tud_cdc_rx_cb
 .text.stdio_usb_init
                0x0000000010004ad8      0x11c CMakeFiles/pico-tv-blink.dir/home/tv/pico/pico-sdk/src/rp2_common/pico_stdio_usb/stdio_usb.c.obj
                0x0000000010004ad8                stdio_usb_init
 .text.stdio_usb_connected
                0x0000000010004bf4        0xa CMakeFiles/pico-tv-blink.dir/home/tv/pico/pico-sdk/src/rp2_common/pico_stdio_usb/stdio_usb.c.obj
                0x0000000010004bf4                stdio_usb_connected
 *fill*         0x0000000010004bfe        0x2 
 .text.stdio_usb_in_chars
                0x0000000010004c00       0xc4 CMakeFiles/pico-tv-blink.dir/home/tv/pico/pico-sdk/src/rp2_common/pico_stdio_usb/stdio_usb.c.obj
                0x0000000010004c00                stdio_usb_in_chars
 .text.stdio_usb_out_chars
                0x0000000010004cc4      0x114 CMakeFiles/pico-tv-blink.dir/home/tv/pico/pico-sdk/src/rp2_common/pico_stdio_usb/stdio_usb.c.obj
 .text.tud_descriptor_device_cb
                0x0000000010004dd8        0x8 CMakeFiles/pico-tv-blink.dir/home/tv/pico/pico-sdk/src/rp2_common/pico_stdio_usb/stdio_usb_descriptors.c.obj
                0x0000000010004dd8                tud_descriptor_device_cb
 .text.tud_descriptor_configuration_cb
                0x0000000010004de0        0x8 CMakeFiles/pico-tv-blink.dir/home/tv/pico/pico-sdk/src/rp2_common/pico_stdio_usb/stdio_usb_descriptors.c.obj
                0x0000000010004de0                tud_descriptor_configuration_cb
 .text.tud_descriptor_string_cb
                0x0000000010004de8       0x6c CMakeFiles/pico-tv-blink.dir/home/tv/pico/pico-sdk/src/rp2_common/pico_stdio_usb/stdio_usb_descriptors.c.obj
                0x0000000010004de8                tud_descriptor_string_cb
 .text._retrieve_unique_id_on_boot
                0x0000000010004e54       0x10 CMakeFiles/pico-tv-blink.dir/home/tv/pico/pico-sdk/src/rp2_common/pico_unique_id/unique_id.c.obj
 .text.pico_get_unique_board_id_string
                0x0000000010004e64       0x60 CMakeFiles/pico-tv-blink.dir/home/tv/pico/pico-sdk/src/rp2_common/pico_unique_id/unique_id.c.obj
                0x0000000010004e64                pico_get_unique_board_id_string
 .text.flash_get_unique_id
                0x0000000010004ec4       0x46 CMakeFiles/pico-tv-blink.dir/home/tv/pico/pico-sdk/src/rp2_common/hardware_flash/flash.c.obj
                0x0000000010004ec4                flash_get_unique_id
 *fill*         0x0000000010004f0a        0x2 
 .text.hw_endpoint_get_by_addr
                0x0000000010004f0c       0x18 CMakeFiles/pico-tv-blink.dir/home/tv/pico/pico-sdk/lib/tinyusb/src/portable/raspberrypi/rp2040/dcd_rp2040.c.obj
 .text._hw_endpoint_alloc
                0x0000000010004f24       0x70 CMakeFiles/pico-tv-blink.dir/home/tv/pico/pico-sdk/lib/tinyusb/src/portable/raspberrypi/rp2040/dcd_rp2040.c.obj
 .text.hw_endpoint_init
                0x0000000010004f94       0x88 CMakeFiles/pico-tv-blink.dir/home/tv/pico/pico-sdk/lib/tinyusb/src/portable/raspberrypi/rp2040/dcd_rp2040.c.obj
 .text.hw_endpoint_xfer
                0x000000001000501c       0x14 CMakeFiles/pico-tv-blink.dir/home/tv/pico/pico-sdk/lib/tinyusb/src/portable/raspberrypi/rp2040/dcd_rp2040.c.obj
 .text.dcd_int_enable
                0x0000000010005030       0x2c CMakeFiles/pico-tv-blink.dir/home/tv/pico/pico-sdk/lib/tinyusb/src/portable/raspberrypi/rp2040/dcd_rp2040.c.obj
                0x0000000010005030                dcd_int_enable
 .text.dcd_set_address
                0x000000001000505c       0x2c CMakeFiles/pico-tv-blink.dir/home/tv/pico/pico-sdk/lib/tinyusb/src/portable/raspberrypi/rp2040/dcd_rp2040.c.obj
                0x000000001000505c                dcd_set_address
 .text.dcd_connect
                0x0000000010005088       0x10 CMakeFiles/pico-tv-blink.dir/home/tv/pico/pico-sdk/lib/tinyusb/src/portable/raspberrypi/rp2040/dcd_rp2040.c.obj
                0x0000000010005088                dcd_connect
 .text.dcd_init
                0x0000000010005098       0x80 CMakeFiles/pico-tv-blink.dir/home/tv/pico/pico-sdk/lib/tinyusb/src/portable/raspberrypi/rp2040/dcd_rp2040.c.obj
                0x0000000010005098                dcd_init
 .text.dcd_edpt0_status_complete
                0x0000000010005118       0x1c CMakeFiles/pico-tv-blink.dir/home/tv/pico/pico-sdk/lib/tinyusb/src/portable/raspberrypi/rp2040/dcd_rp2040.c.obj
                0x0000000010005118                dcd_edpt0_status_complete
 .text.dcd_edpt_open
                0x0000000010005134       0x40 CMakeFiles/pico-tv-blink.dir/home/tv/pico/pico-sdk/lib/tinyusb/src/portable/raspberrypi/rp2040/dcd_rp2040.c.obj
                0x0000000010005134                dcd_edpt_open
 .text.dcd_edpt_close_all
                0x0000000010005174        0x8 CMakeFiles/pico-tv-blink.dir/home/tv/pico/pico-sdk/lib/tinyusb/src/portable/raspberrypi/rp2040/dcd_rp2040.c.obj
                0x0000000010005174                dcd_edpt_close_all
 .text.dcd_edpt_xfer
                0x000000001000517c       0x34 CMakeFiles/pico-tv-blink.dir/home/tv/pico/pico-sdk/lib/tinyusb/src/portable/raspberrypi/rp2040/dcd_rp2040.c.obj
                0x000000001000517c                dcd_edpt_xfer
 .text.dcd_edpt_stall
                0x00000000100051b0       0x2c CMakeFiles/pico-tv-blink.dir/home/tv/pico/pico-sdk/lib/tinyusb/src/portable/raspberrypi/rp2040/dcd_rp2040.c.obj
                0x00000000100051b0                dcd_edpt_stall
 .text.dcd_edpt_clear_stall
                0x00000000100051dc       0x20 CMakeFiles/pico-tv-blink.dir/home/tv/pico/pico-sdk/lib/tinyusb/src/portable/raspberrypi/rp2040/dcd_rp2040.c.obj
                0x00000000100051dc                dcd_edpt_clear_stall
 .text.rp2040_usb_init
                0x00000000100051fc       0x4c CMakeFiles/pico-tv-blink.dir/home/tv/pico/pico-sdk/lib/tinyusb/src/portable/raspberrypi/rp2040/rp2040_usb.c.obj
                0x00000000100051fc                rp2040_usb_init
 .text.hw_endpoint_xfer_start
                0x0000000010005248       0x50 CMakeFiles/pico-tv-blink.dir/home/tv/pico/pico-sdk/lib/tinyusb/src/portable/raspberrypi/rp2040/rp2040_usb.c.obj
                0x0000000010005248                hw_endpoint_xfer_start
 .text.configuration_reset
                0x0000000010005298       0x84 CMakeFiles/pico-tv-blink.dir/home/tv/pico/pico-sdk/lib/tinyusb/src/device/usbd.c.obj
 .text.usbd_reset
                0x000000001000531c        0xc CMakeFiles/pico-tv-blink.dir/home/tv/pico/pico-sdk/lib/tinyusb/src/device/usbd.c.obj
 .text.invoke_class_control
                0x0000000010005328       0x1a CMakeFiles/pico-tv-blink.dir/home/tv/pico/pico-sdk/lib/tinyusb/src/device/usbd.c.obj
 *fill*         0x0000000010005342        0x2 
 .text.process_set_config
                0x0000000010005344      0x178 CMakeFiles/pico-tv-blink.dir/home/tv/pico/pico-sdk/lib/tinyusb/src/device/usbd.c.obj
 .text.process_get_descriptor
                0x00000000100054bc       0xdc CMakeFiles/pico-tv-blink.dir/home/tv/pico/pico-sdk/lib/tinyusb/src/device/usbd.c.obj
 .text.tud_mounted
                0x0000000010005598       0x10 CMakeFiles/pico-tv-blink.dir/home/tv/pico/pico-sdk/lib/tinyusb/src/device/usbd.c.obj
                0x0000000010005598                tud_mounted
 .text.tud_suspended
                0x00000000100055a8       0x10 CMakeFiles/pico-tv-blink.dir/home/tv/pico/pico-sdk/lib/tinyusb/src/device/usbd.c.obj
                0x00000000100055a8                tud_suspended
 .text.tud_inited
                0x00000000100055b8       0x14 CMakeFiles/pico-tv-blink.dir/home/tv/pico/pico-sdk/lib/tinyusb/src/device/usbd.c.obj
                0x00000000100055b8                tud_inited
 .text.tud_init
                0x00000000100055cc       0xcc CMakeFiles/pico-tv-blink.dir/home/tv/pico/pico-sdk/lib/tinyusb/src/device/usbd.c.obj
                0x00000000100055cc                tud_init
 .text.usbd_defer_func
                0x0000000010005698       0x2a CMakeFiles/pico-tv-blink.dir/home/tv/pico/pico-sdk/lib/tinyusb/src/device/usbd.c.obj
                0x0000000010005698                usbd_defer_func
 *fill*         0x00000000100056c2        0x2 
 .text.usbd_edpt_open
                0x00000000100056c4       0x34 CMakeFiles/pico-tv-blink.dir/home/tv/pico/pico-sdk/lib/tinyusb/src/device/usbd.c.obj
                0x00000000100056c4                usbd_edpt_open
 .text.usbd_open_edpt_pair
                0x00000000100056f8       0x62 CMakeFiles/pico-tv-blink.dir/home/tv/pico/pico-sdk/lib/tinyusb/src/device/usbd.c.obj
                0x00000000100056f8                usbd_open_edpt_pair
 *fill*         0x000000001000575a        0x2 
 .text.usbd_edpt_claim
                0x000000001000575c       0x28 CMakeFiles/pico-tv-blink.dir/home/tv/pico/pico-sdk/lib/tinyusb/src/device/usbd.c.obj
                0x000000001000575c                usbd_edpt_claim
 .text.usbd_edpt_release
                0x0000000010005784       0x28 CMakeFiles/pico-tv-blink.dir/home/tv/pico/pico-sdk/lib/tinyusb/src/device/usbd.c.obj
                0x0000000010005784                usbd_edpt_release
 .text.usbd_edpt_xfer
                0x00000000100057ac       0x78 CMakeFiles/pico-tv-blink.dir/home/tv/pico/pico-sdk/lib/tinyusb/src/device/usbd.c.obj
                0x00000000100057ac                usbd_edpt_xfer
 .text.usbd_edpt_stall
                0x0000000010005824       0x48 CMakeFiles/pico-tv-blink.dir/home/tv/pico/pico-sdk/lib/tinyusb/src/device/usbd.c.obj
                0x0000000010005824                usbd_edpt_stall
 .text.usbd_edpt_clear_stall
                0x000000001000586c       0x48 CMakeFiles/pico-tv-blink.dir/home/tv/pico/pico-sdk/lib/tinyusb/src/device/usbd.c.obj
                0x000000001000586c                usbd_edpt_clear_stall
 .text.usbd_edpt_stalled
                0x00000000100058b4       0x1c CMakeFiles/pico-tv-blink.dir/home/tv/pico/pico-sdk/lib/tinyusb/src/device/usbd.c.obj
                0x00000000100058b4                usbd_edpt_stalled
 .text.process_control_request
                0x00000000100058d0      0x37c CMakeFiles/pico-tv-blink.dir/home/tv/pico/pico-sdk/lib/tinyusb/src/device/usbd.c.obj
 .text.tud_task_ext
                0x0000000010005c4c      0x1b8 CMakeFiles/pico-tv-blink.dir/home/tv/pico/pico-sdk/lib/tinyusb/src/device/usbd.c.obj
                0x0000000010005c4c                tud_task_ext
 .text._data_stage_xact
                0x0000000010005e04       0x58 CMakeFiles/pico-tv-blink.dir/home/tv/pico/pico-sdk/lib/tinyusb/src/device/usbd_control.c.obj
 .text.tud_control_status
                0x0000000010005e5c       0x38 CMakeFiles/pico-tv-blink.dir/home/tv/pico/pico-sdk/lib/tinyusb/src/device/usbd_control.c.obj
                0x0000000010005e5c                tud_control_status
 .text.tud_control_xfer
                0x0000000010005e94       0x74 CMakeFiles/pico-tv-blink.dir/home/tv/pico/pico-sdk/lib/tinyusb/src/device/usbd_control.c.obj
                0x0000000010005e94                tud_control_xfer
 .text.usbd_control_reset
                0x0000000010005f08       0x14 CMakeFiles/pico-tv-blink.dir/home/tv/pico/pico-sdk/lib/tinyusb/src/device/usbd_control.c.obj
                0x0000000010005f08                usbd_control_reset
 .text.usbd_control_set_complete_callback
                0x0000000010005f1c        0xc CMakeFiles/pico-tv-blink.dir/home/tv/pico/pico-sdk/lib/tinyusb/src/device/usbd_control.c.obj
                0x0000000010005f1c                usbd_control_set_complete_callback
 .text.usbd_control_set_request
                0x0000000010005f28       0x1c CMakeFiles/pico-tv-blink.dir/home/tv/pico/pico-sdk/lib/tinyusb/src/device/usbd_control.c.obj
                0x0000000010005f28                usbd_control_set_request
 .text.usbd_control_xfer_cb
                0x0000000010005f44       0xcc CMakeFiles/pico-tv-blink.dir/home/tv/pico/pico-sdk/lib/tinyusb/src/device/usbd_control.c.obj
                0x0000000010005f44                usbd_control_xfer_cb
 .text._prep_out_transaction
                0x0000000010006010       0x4a CMakeFiles/pico-tv-blink.dir/home/tv/pico/pico-sdk/lib/tinyusb/src/class/cdc/cdc_device.c.obj
 *fill*         0x000000001000605a        0x2 
 .text.tud_cdc_n_connected
                0x000000001000605c       0x44 CMakeFiles/pico-tv-blink.dir/home/tv/pico/pico-sdk/lib/tinyusb/src/class/cdc/cdc_device.c.obj
                0x000000001000605c                tud_cdc_n_connected
 .text.tud_cdc_n_available
                0x00000000100060a0       0x18 CMakeFiles/pico-tv-blink.dir/home/tv/pico/pico-sdk/lib/tinyusb/src/class/cdc/cdc_device.c.obj
                0x00000000100060a0                tud_cdc_n_available
 .text.tud_cdc_n_read
                0x00000000100060b8       0x28 CMakeFiles/pico-tv-blink.dir/home/tv/pico/pico-sdk/lib/tinyusb/src/class/cdc/cdc_device.c.obj
                0x00000000100060b8                tud_cdc_n_read
 .text.tud_cdc_n_write_flush
                0x00000000100060e0       0xb8 CMakeFiles/pico-tv-blink.dir/home/tv/pico/pico-sdk/lib/tinyusb/src/class/cdc/cdc_device.c.obj
                0x00000000100060e0                tud_cdc_n_write_flush
 .text.tud_cdc_n_write
                0x0000000010006198       0x38 CMakeFiles/pico-tv-blink.dir/home/tv/pico/pico-sdk/lib/tinyusb/src/class/cdc/cdc_device.c.obj
                0x0000000010006198                tud_cdc_n_write
 .text.tud_cdc_n_write_available
                0x00000000100061d0       0x1c CMakeFiles/pico-tv-blink.dir/home/tv/pico/pico-sdk/lib/tinyusb/src/class/cdc/cdc_device.c.obj
                0x00000000100061d0                tud_cdc_n_write_available
 .text.cdcd_init
                0x00000000100061ec       0xbc CMakeFiles/pico-tv-blink.dir/home/tv/pico/pico-sdk/lib/tinyusb/src/class/cdc/cdc_device.c.obj
                0x00000000100061ec                cdcd_init
 .text.cdcd_reset
                0x00000000100062a8       0x44 CMakeFiles/pico-tv-blink.dir/home/tv/pico/pico-sdk/lib/tinyusb/src/class/cdc/cdc_device.c.obj
                0x00000000100062a8                cdcd_reset
 .text.cdcd_open
                0x00000000100062ec       0xcc CMakeFiles/pico-tv-blink.dir/home/tv/pico/pico-sdk/lib/tinyusb/src/class/cdc/cdc_device.c.obj
                0x00000000100062ec                cdcd_open
 .text.cdcd_control_xfer_cb
                0x00000000100063b8      0x134 CMakeFiles/pico-tv-blink.dir/home/tv/pico/pico-sdk/lib/tinyusb/src/class/cdc/cdc_device.c.obj
                0x00000000100063b8                cdcd_control_xfer_cb
 .text.cdcd_xfer_cb
                0x00000000100064ec      0x130 CMakeFiles/pico-tv-blink.dir/home/tv/pico/pico-sdk/lib/tinyusb/src/class/cdc/cdc_device.c.obj
                0x00000000100064ec                cdcd_xfer_cb
 .text.tusb_init
                0x000000001000661c        0xa CMakeFiles/pico-tv-blink.dir/home/tv/pico/pico-sdk/lib/tinyusb/src/tusb.c.obj
                0x000000001000661c                tusb_init
 .text.tusb_inited
                0x0000000010006626        0xe CMakeFiles/pico-tv-blink.dir/home/tv/pico/pico-sdk/lib/tinyusb/src/tusb.c.obj
                0x0000000010006626                tusb_inited
 .text.tu_edpt_claim
                0x0000000010006634       0x50 CMakeFiles/pico-tv-blink.dir/home/tv/pico/pico-sdk/lib/tinyusb/src/tusb.c.obj
                0x0000000010006634                tu_edpt_claim
 .text.tu_edpt_release
                0x0000000010006684       0x3c CMakeFiles/pico-tv-blink.dir/home/tv/pico/pico-sdk/lib/tinyusb/src/tusb.c.obj
                0x0000000010006684                tu_edpt_release
 .text.tu_edpt_validate
                0x00000000100066c0       0x78 CMakeFiles/pico-tv-blink.dir/home/tv/pico/pico-sdk/lib/tinyusb/src/tusb.c.obj
                0x00000000100066c0                tu_edpt_validate
 .text.tu_edpt_bind_driver
                0x0000000010006738       0x26 CMakeFiles/pico-tv-blink.dir/home/tv/pico/pico-sdk/lib/tinyusb/src/tusb.c.obj
                0x0000000010006738                tu_edpt_bind_driver
 .text.advance_index
                0x000000001000675e       0x1a CMakeFiles/pico-tv-blink.dir/home/tv/pico/pico-sdk/lib/tinyusb/src/common/tusb_fifo.c.obj
 .text._tu_fifo_peek
                0x0000000010006778       0x56 CMakeFiles/pico-tv-blink.dir/home/tv/pico/pico-sdk/lib/tinyusb/src/common/tusb_fifo.c.obj
 .text._ff_pull_const_addr
                0x00000000100067ce       0x4c CMakeFiles/pico-tv-blink.dir/home/tv/pico/pico-sdk/lib/tinyusb/src/common/tusb_fifo.c.obj
 .text._ff_pull_n
                0x000000001000681a      0x110 CMakeFiles/pico-tv-blink.dir/home/tv/pico/pico-sdk/lib/tinyusb/src/common/tusb_fifo.c.obj
 .text._tu_fifo_peek_n
                0x000000001000692a       0x6a CMakeFiles/pico-tv-blink.dir/home/tv/pico/pico-sdk/lib/tinyusb/src/common/tusb_fifo.c.obj
 .text._tu_fifo_read_n
                0x0000000010006994       0x4e CMakeFiles/pico-tv-blink.dir/home/tv/pico/pico-sdk/lib/tinyusb/src/common/tusb_fifo.c.obj
 .text._ff_push_const_addr
                0x00000000100069e2       0x40 CMakeFiles/pico-tv-blink.dir/home/tv/pico/pico-sdk/lib/tinyusb/src/common/tusb_fifo.c.obj
 .text._ff_push_n
                0x0000000010006a22      0x10c CMakeFiles/pico-tv-blink.dir/home/tv/pico/pico-sdk/lib/tinyusb/src/common/tusb_fifo.c.obj
 .text._tu_fifo_write_n
                0x0000000010006b2e       0xf0 CMakeFiles/pico-tv-blink.dir/home/tv/pico/pico-sdk/lib/tinyusb/src/common/tusb_fifo.c.obj
 .text.tu_fifo_config
                0x0000000010006c1e       0x7c CMakeFiles/pico-tv-blink.dir/home/tv/pico/pico-sdk/lib/tinyusb/src/common/tusb_fifo.c.obj
                0x0000000010006c1e                tu_fifo_config
 .text.tu_fifo_count
                0x0000000010006c9a       0x2a CMakeFiles/pico-tv-blink.dir/home/tv/pico/pico-sdk/lib/tinyusb/src/common/tusb_fifo.c.obj
                0x0000000010006c9a                tu_fifo_count
 .text.tu_fifo_empty
                0x0000000010006cc4       0x10 CMakeFiles/pico-tv-blink.dir/home/tv/pico/pico-sdk/lib/tinyusb/src/common/tusb_fifo.c.obj
                0x0000000010006cc4                tu_fifo_empty
 .text.tu_fifo_full
                0x0000000010006cd4       0x28 CMakeFiles/pico-tv-blink.dir/home/tv/pico/pico-sdk/lib/tinyusb/src/common/tusb_fifo.c.obj
                0x0000000010006cd4                tu_fifo_full
 .text.tu_fifo_remaining
                0x0000000010006cfc       0x2c CMakeFiles/pico-tv-blink.dir/home/tv/pico/pico-sdk/lib/tinyusb/src/common/tusb_fifo.c.obj
                0x0000000010006cfc                tu_fifo_remaining
 .text.tu_fifo_read
                0x0000000010006d28       0x42 CMakeFiles/pico-tv-blink.dir/home/tv/pico/pico-sdk/lib/tinyusb/src/common/tusb_fifo.c.obj
                0x0000000010006d28                tu_fifo_read
 .text.tu_fifo_read_n
                0x0000000010006d6a        0xa CMakeFiles/pico-tv-blink.dir/home/tv/pico/pico-sdk/lib/tinyusb/src/common/tusb_fifo.c.obj
                0x0000000010006d6a                tu_fifo_read_n
 .text.tu_fifo_write
                0x0000000010006d74       0x64 CMakeFiles/pico-tv-blink.dir/home/tv/pico/pico-sdk/lib/tinyusb/src/common/tusb_fifo.c.obj
                0x0000000010006d74                tu_fifo_write
 .text.tu_fifo_write_n
                0x0000000010006dd8        0xa CMakeFiles/pico-tv-blink.dir/home/tv/pico/pico-sdk/lib/tinyusb/src/common/tusb_fifo.c.obj
                0x0000000010006dd8                tu_fifo_write_n
 .text.tu_fifo_clear
                0x0000000010006de2       0x3e CMakeFiles/pico-tv-blink.dir/home/tv/pico/pico-sdk/lib/tinyusb/src/common/tusb_fifo.c.obj
                0x0000000010006de2                tu_fifo_clear
 .text.tu_fifo_set_overwritable
                0x0000000010006e20       0x46 CMakeFiles/pico-tv-blink.dir/home/tv/pico/pico-sdk/lib/tinyusb/src/common/tusb_fifo.c.obj
                0x0000000010006e20                tu_fifo_set_overwritable
 *fill*         0x0000000010006e66        0x2 
 .text          0x0000000010006e68       0x5c /usr/lib/gcc/arm-none-eabi/10.3.1/../../../arm-none-eabi/lib/thumb/v6-m/nofp/libg.a(lib_a-strlen-stub.o)
                0x0000000010006e68                strlen
 *(.fini)
 .fini          0x0000000010006ec4        0x4 /usr/lib/gcc/arm-none-eabi/10.3.1/thumb/v6-m/nofp/crti.o
                0x0000000010006ec4                _fini
 .fini.__stub   0x0000000010006ec8       0xe0 linker stubs
 *crtbegin.o(.ctors)
 *crtbegin?.o(.ctors)
 *(EXCLUDE_FILE(*crtend.o *crtend?.o) .ctors)
 *(SORT_BY_NAME(.ctors.*))
 *(.ctors)
 *crtbegin.o(.dtors)
 *crtbegin?.o(.dtors)
 *(EXCLUDE_FILE(*crtend.o *crtend?.o) .dtors)
 *(SORT_BY_NAME(.dtors.*))
 *(.dtors)
 *(.eh_frame*)
 .eh_frame      0x0000000010006fa8        0x0 /usr/lib/gcc/arm-none-eabi/10.3.1/thumb/v6-m/nofp/crtbegin.o
                0x0000000010006fa8                . = ALIGN (0x4)

.glue_7         0x0000000010006fa8        0x0
 .glue_7        0x0000000010006fa8        0x0 linker stubs

.glue_7t        0x0000000010006fa8        0x0
 .glue_7t       0x0000000010006fa8        0x0 linker stubs

.vfp11_veneer   0x0000000010006fa8        0x0
 .vfp11_veneer  0x0000000010006fa8        0x0 linker stubs

.v4_bx          0x0000000010006fa8        0x0
 .v4_bx         0x0000000010006fa8        0x0 linker stubs

.iplt           0x0000000010006fa8        0x0
 .iplt          0x0000000010006fa8        0x0 /usr/lib/gcc/arm-none-eabi/10.3.1/thumb/v6-m/nofp/crtbegin.o

.rodata         0x0000000010006fa8     0x162c
 *(EXCLUDE_FILE(*libm.a: *libc.a:*lib_a-mem*.o *libgcc.a:) .rodata*)
 .rodata.main.str1.4
                0x0000000010006fa8       0xb0 CMakeFiles/pico-tv-blink.dir/pico-tv-blink.c.obj
 .rodata.spin_lock_claim_unused.str1.4
                0x0000000010007058       0x1b CMakeFiles/pico-tv-blink.dir/home/tv/pico/pico-sdk/src/rp2_common/hardware_sync/sync.c.obj
 *fill*         0x0000000010007073        0x1 
 .rodata.make_branch.str1.4
                0x0000000010007074       0x69 CMakeFiles/pico-tv-blink.dir/home/tv/pico/pico-sdk/src/rp2_common/hardware_irq/irq.c.obj
 *fill*         0x00000000100070dd        0x3 
 .rodata.insert_branch_and_link.str1.4
                0x00000000100070e0       0x10 CMakeFiles/pico-tv-blink.dir/home/tv/pico/pico-sdk/src/rp2_common/hardware_irq/irq.c.obj
 .rodata.irq_set_exclusive_handler.str1.4
                0x00000000100070f0       0x36 CMakeFiles/pico-tv-blink.dir/home/tv/pico/pico-sdk/src/rp2_common/hardware_irq/irq.c.obj
 *fill*         0x0000000010007126        0x2 
 .rodata.irq_add_shared_handler.str1.4
                0x0000000010007128       0xd9 CMakeFiles/pico-tv-blink.dir/home/tv/pico/pico-sdk/src/rp2_common/hardware_irq/irq.c.obj
 *fill*         0x0000000010007201        0x3 
 .rodata.irq_remove_handler.str1.4
                0x0000000010007204       0x3a CMakeFiles/pico-tv-blink.dir/home/tv/pico/pico-sdk/src/rp2_common/hardware_irq/irq.c.obj
 *fill*         0x000000001000723e        0x2 
 .rodata.irq_add_tail_to_free_list.str1.4
                0x0000000010007240       0x3a CMakeFiles/pico-tv-blink.dir/home/tv/pico/pico-sdk/src/rp2_common/hardware_irq/irq.c.obj
 *fill*         0x000000001000727a        0x2 
 .rodata.user_irq_claim_unused.str1.4
                0x000000001000727c       0x1b CMakeFiles/pico-tv-blink.dir/home/tv/pico/pico-sdk/src/rp2_common/hardware_irq/irq.c.obj
 *fill*         0x0000000010007297        0x1 
 .rodata.__func__.0
                0x0000000010007298       0x1a CMakeFiles/pico-tv-blink.dir/home/tv/pico/pico-sdk/src/rp2_common/hardware_irq/irq.c.obj
 *fill*         0x00000000100072b2        0x2 
 .rodata.__func__.1
                0x00000000100072b4       0x17 CMakeFiles/pico-tv-blink.dir/home/tv/pico/pico-sdk/src/rp2_common/hardware_irq/irq.c.obj
 *fill*         0x00000000100072cb        0x1 
 .rodata.__func__.2
                0x00000000100072cc       0x13 CMakeFiles/pico-tv-blink.dir/home/tv/pico/pico-sdk/src/rp2_common/hardware_irq/irq.c.obj
 *fill*         0x00000000100072df        0x1 
 .rodata.__func__.3
                0x00000000100072e0        0xc CMakeFiles/pico-tv-blink.dir/home/tv/pico/pico-sdk/src/rp2_common/hardware_irq/irq.c.obj
 .rodata.__func__.4
                0x00000000100072ec        0xf CMakeFiles/pico-tv-blink.dir/home/tv/pico/pico-sdk/src/rp2_common/hardware_irq/irq.c.obj
 *fill*         0x00000000100072fb        0x1 
 .rodata.__func__.5
                0x00000000100072fc       0x17 CMakeFiles/pico-tv-blink.dir/home/tv/pico/pico-sdk/src/rp2_common/hardware_irq/irq.c.obj
 *fill*         0x0000000010007313        0x1 
 .rodata.__func__.6
                0x0000000010007314       0x1a CMakeFiles/pico-tv-blink.dir/home/tv/pico/pico-sdk/src/rp2_common/hardware_irq/irq.c.obj
 *fill*         0x000000001000732e        0x2 
 .rodata.str1.4
                0x0000000010007330       0xe5 CMakeFiles/pico-tv-blink.dir/home/tv/pico/pico-sdk/src/common/pico_sync/mutex.c.obj
 *fill*         0x0000000010007415        0x3 
 .rodata.__func__.1
                0x0000000010007418        0xb CMakeFiles/pico-tv-blink.dir/home/tv/pico/pico-sdk/src/common/pico_sync/mutex.c.obj
 *fill*         0x0000000010007423        0x1 
 .rodata.__func__.3
                0x0000000010007424       0x18 CMakeFiles/pico-tv-blink.dir/home/tv/pico/pico-sdk/src/common/pico_sync/mutex.c.obj
 .rodata.__func__.4
                0x000000001000743c       0x15 CMakeFiles/pico-tv-blink.dir/home/tv/pico/pico-sdk/src/common/pico_sync/mutex.c.obj
 *fill*         0x0000000010007451        0x3 
 .rodata.repeating_timer_callback.str1.4
                0x0000000010007454       0x47 CMakeFiles/pico-tv-blink.dir/home/tv/pico/pico-sdk/src/common/pico_time/time.c.obj
 *fill*         0x000000001000749b        0x1 
 .rodata.timer_pool_entry_comparator.str1.4
                0x000000001000749c       0x22 CMakeFiles/pico-tv-blink.dir/home/tv/pico/pico-sdk/src/common/pico_time/time.c.obj
 *fill*         0x00000000100074be        0x2 
 .rodata.ph_add_child_node.str1.4
                0x00000000100074c0       0x92 CMakeFiles/pico-tv-blink.dir/home/tv/pico/pico-sdk/src/common/pico_time/time.c.obj
 *fill*         0x0000000010007552        0x2 
 .rodata.add_alarm_under_lock.str1.4
                0x0000000010007554       0x28 CMakeFiles/pico-tv-blink.dir/home/tv/pico/pico-sdk/src/common/pico_time/time.c.obj
                                         0x2b (size before relaxing)
 .rodata.alarm_pool_alarm_callback.str1.4
                0x000000001000757c       0x98 CMakeFiles/pico-tv-blink.dir/home/tv/pico/pico-sdk/src/common/pico_time/time.c.obj
                                         0xf8 (size before relaxing)
 .rodata.alarm_pool_get_default.str1.4
                0x0000000010007614       0x21 CMakeFiles/pico-tv-blink.dir/home/tv/pico/pico-sdk/src/common/pico_time/time.c.obj
 *fill*         0x0000000010007635        0x3 
 .rodata.alarm_pool_cancel_alarm.str1.4
                0x0000000010007638       0x27 CMakeFiles/pico-tv-blink.dir/home/tv/pico/pico-sdk/src/common/pico_time/time.c.obj
 *fill*         0x000000001000765f        0x1 
 .rodata.sleep_until.str1.4
                0x0000000010007660       0x4d CMakeFiles/pico-tv-blink.dir/home/tv/pico/pico-sdk/src/common/pico_time/time.c.obj
 *fill*         0x00000000100076ad        0x3 
 .rodata.__func__.1
                0x00000000100076b0       0x18 CMakeFiles/pico-tv-blink.dir/home/tv/pico/pico-sdk/src/common/pico_time/time.c.obj
 .rodata.__func__.10
                0x00000000100076c8       0x15 CMakeFiles/pico-tv-blink.dir/home/tv/pico/pico-sdk/src/common/pico_time/time.c.obj
 *fill*         0x00000000100076dd        0x3 
 .rodata.__func__.11
                0x00000000100076e0       0x1a CMakeFiles/pico-tv-blink.dir/home/tv/pico/pico-sdk/src/common/pico_time/time.c.obj
 *fill*         0x00000000100076fa        0x2 
 .rodata.__func__.12
                0x00000000100076fc        0xa CMakeFiles/pico-tv-blink.dir/home/tv/pico/pico-sdk/src/common/pico_time/time.c.obj
 *fill*         0x0000000010007706        0x2 
 .rodata.__func__.3
                0x0000000010007708       0x17 CMakeFiles/pico-tv-blink.dir/home/tv/pico/pico-sdk/src/common/pico_time/time.c.obj
 *fill*         0x000000001000771f        0x1 
 .rodata.__func__.4
                0x0000000010007720       0x12 CMakeFiles/pico-tv-blink.dir/home/tv/pico/pico-sdk/src/common/pico_time/time.c.obj
 *fill*         0x0000000010007732        0x2 
 .rodata.__func__.5
                0x0000000010007734        0xd CMakeFiles/pico-tv-blink.dir/home/tv/pico/pico-sdk/src/common/pico_time/time.c.obj
 *fill*         0x0000000010007741        0x3 
 .rodata.__func__.6
                0x0000000010007744       0x12 CMakeFiles/pico-tv-blink.dir/home/tv/pico/pico-sdk/src/common/pico_time/time.c.obj
 *fill*         0x0000000010007756        0x2 
 .rodata.__func__.7
                0x0000000010007758        0xf CMakeFiles/pico-tv-blink.dir/home/tv/pico/pico-sdk/src/common/pico_time/time.c.obj
 *fill*         0x0000000010007767        0x1 
 .rodata.__func__.8
                0x0000000010007768        0xc CMakeFiles/pico-tv-blink.dir/home/tv/pico/pico-sdk/src/common/pico_time/time.c.obj
 .rodata.__func__.9
                0x0000000010007774       0x15 CMakeFiles/pico-tv-blink.dir/home/tv/pico/pico-sdk/src/common/pico_time/time.c.obj
 *fill*         0x0000000010007789        0x3 
 .rodata.hardware_alarm_claim.str1.4
                0x000000001000778c       0x22 CMakeFiles/pico-tv-blink.dir/home/tv/pico/pico-sdk/src/rp2_common/hardware_timer/timer.c.obj
 .rodata.busy_wait_us.str1.4
                0x00000000100077ae       0x5d CMakeFiles/pico-tv-blink.dir/home/tv/pico/pico-sdk/src/rp2_common/hardware_timer/timer.c.obj
 *fill*         0x00000000100077ae        0x2 
 .rodata.hardware_alarm_set_target.str1.4
                0x00000000100077b0       0x61 CMakeFiles/pico-tv-blink.dir/home/tv/pico/pico-sdk/src/rp2_common/hardware_timer/timer.c.obj
 *fill*         0x0000000010007811        0x3 
 .rodata.__func__.0
                0x0000000010007814       0x1a CMakeFiles/pico-tv-blink.dir/home/tv/pico/pico-sdk/src/rp2_common/hardware_timer/timer.c.obj
 *fill*         0x000000001000782e        0x2 
 .rodata.__func__.1
                0x0000000010007830       0x15 CMakeFiles/pico-tv-blink.dir/home/tv/pico/pico-sdk/src/rp2_common/hardware_timer/timer.c.obj
 .rodata.ph_add_child_node.str1.4
                0x0000000010007845       0x92 CMakeFiles/pico-tv-blink.dir/home/tv/pico/pico-sdk/src/common/pico_util/pheap.c.obj
 *fill*         0x0000000010007845        0x3 
 .rodata.ph_remove_any_head.str1.4
                0x0000000010007848       0x88 CMakeFiles/pico-tv-blink.dir/home/tv/pico/pico-sdk/src/common/pico_util/pheap.c.obj
                                         0x9c (size before relaxing)
 .rodata.ph_remove_and_free_node.str1.4
                0x00000000100078d0       0x1e CMakeFiles/pico-tv-blink.dir/home/tv/pico/pico-sdk/src/common/pico_util/pheap.c.obj
                                         0x26 (size before relaxing)
 *fill*         0x00000000100078ee        0x2 
 .rodata.__func__.0
                0x00000000100078f0       0x18 CMakeFiles/pico-tv-blink.dir/home/tv/pico/pico-sdk/src/common/pico_util/pheap.c.obj
 .rodata.__func__.1
                0x0000000010007908       0x13 CMakeFiles/pico-tv-blink.dir/home/tv/pico/pico-sdk/src/common/pico_util/pheap.c.obj
 *fill*         0x000000001000791b        0x1 
 .rodata.__func__.2
                0x000000001000791c       0x12 CMakeFiles/pico-tv-blink.dir/home/tv/pico/pico-sdk/src/common/pico_util/pheap.c.obj
 *fill*         0x000000001000792e        0x2 
 .rodata.__func__.3
                0x0000000010007930        0xc CMakeFiles/pico-tv-blink.dir/home/tv/pico/pico-sdk/src/common/pico_util/pheap.c.obj
 .rodata.clock_configure.str1.4
                0x000000001000793c       0x53 CMakeFiles/pico-tv-blink.dir/home/tv/pico/pico-sdk/src/rp2_common/hardware_clocks/clocks.c.obj
 *fill*         0x000000001000798f        0x1 
 .rodata.__func__.1
                0x0000000010007990       0x10 CMakeFiles/pico-tv-blink.dir/home/tv/pico/pico-sdk/src/rp2_common/hardware_clocks/clocks.c.obj
 .rodata.pll_init.str1.4
                0x00000000100079a0      0x120 CMakeFiles/pico-tv-blink.dir/home/tv/pico/pico-sdk/src/rp2_common/hardware_pll/pll.c.obj
 .rodata.__func__.0
                0x0000000010007ac0        0x9 CMakeFiles/pico-tv-blink.dir/home/tv/pico/pico-sdk/src/rp2_common/hardware_pll/pll.c.obj
 *fill*         0x0000000010007ac9        0x3 
 .rodata.__assert_func.str1.4
                0x0000000010007acc       0x3f CMakeFiles/pico-tv-blink.dir/home/tv/pico/pico-sdk/src/rp2_common/pico_runtime/runtime.c.obj
                                         0x43 (size before relaxing)
 *fill*         0x0000000010007b0b        0x1 
 .rodata.runtime_init.str1.4
                0x0000000010007b0c       0x5d CMakeFiles/pico-tv-blink.dir/home/tv/pico/pico-sdk/src/rp2_common/pico_runtime/runtime.c.obj
 *fill*         0x0000000010007b69        0x3 
 .rodata.panic.str1.4
                0x0000000010007b6c       0x10 CMakeFiles/pico-tv-blink.dir/home/tv/pico/pico-sdk/src/rp2_common/pico_runtime/runtime.c.obj
                                         0x12 (size before relaxing)
 .rodata.__func__.2
                0x0000000010007b7c        0xd CMakeFiles/pico-tv-blink.dir/home/tv/pico/pico-sdk/src/rp2_common/pico_runtime/runtime.c.obj
 *fill*         0x0000000010007b89        0x3 
 .rodata._ftoa.str1.4
                0x0000000010007b8c       0x15 CMakeFiles/pico-tv-blink.dir/home/tv/pico/pico-sdk/src/rp2_common/pico_printf/printf.c.obj
 *fill*         0x0000000010007ba1        0x3 
 .rodata._vsnprintf
                0x0000000010007ba4      0x1e0 CMakeFiles/pico-tv-blink.dir/home/tv/pico/pico-sdk/src/rp2_common/pico_printf/printf.c.obj
 *fill*         0x0000000010007d84        0x4 
 .rodata.pow10.0
                0x0000000010007d88       0x50 CMakeFiles/pico-tv-blink.dir/home/tv/pico/pico-sdk/src/rp2_common/pico_printf/printf.c.obj
 .rodata.missing_double_func_shim.str1.4
                0x0000000010007dd8       0x18 CMakeFiles/pico-tv-blink.dir/home/tv/pico/pico-sdk/src/rp2_common/pico_double/double_init_rom.c.obj
 .rodata.__aeabi_double_init.str1.4
                0x0000000010007df0       0x98 CMakeFiles/pico-tv-blink.dir/home/tv/pico/pico-sdk/src/rp2_common/pico_double/double_init_rom.c.obj
 .rodata.__func__.0
                0x0000000010007e88       0x14 CMakeFiles/pico-tv-blink.dir/home/tv/pico/pico-sdk/src/rp2_common/pico_double/double_init_rom.c.obj
 .rodata.missing_float_func_shim.str1.4
                0x0000000010007e9c        0x1 CMakeFiles/pico-tv-blink.dir/home/tv/pico/pico-sdk/src/rp2_common/pico_float/float_init_rom.c.obj
 .rodata.__aeabi_float_init.str1.4
                0x0000000010007e9c       0x76 CMakeFiles/pico-tv-blink.dir/home/tv/pico/pico-sdk/src/rp2_common/pico_float/float_init_rom.c.obj
 *fill*         0x0000000010007f12        0x2 
 .rodata.__func__.0
                0x0000000010007f14       0x13 CMakeFiles/pico-tv-blink.dir/home/tv/pico/pico-sdk/src/rp2_common/pico_float/float_init_rom.c.obj
 *fill*         0x0000000010007f27        0x1 
 .rodata.str1.4
                0x0000000010007f28       0x44 CMakeFiles/pico-tv-blink.dir/home/tv/pico/pico-sdk/src/rp2_common/pico_standard_link/binary_info.c.obj
 .rodata.__bi_44
                0x0000000010007f6c        0xc CMakeFiles/pico-tv-blink.dir/home/tv/pico/pico-sdk/src/rp2_common/pico_standard_link/binary_info.c.obj
 .rodata.__bi_75
                0x0000000010007f78        0xc CMakeFiles/pico-tv-blink.dir/home/tv/pico/pico-sdk/src/rp2_common/pico_standard_link/binary_info.c.obj
 .rodata.__bi_81
                0x0000000010007f84        0xc CMakeFiles/pico-tv-blink.dir/home/tv/pico/pico-sdk/src/rp2_common/pico_standard_link/binary_info.c.obj
 .rodata.stdout_serialize_begin.str1.4
                0x0000000010007f90       0x5d CMakeFiles/pico-tv-blink.dir/home/tv/pico/pico-sdk/src/rp2_common/pico_stdio/stdio.c.obj
 .rodata.__func__.3
                0x0000000010007f90       0x15 CMakeFiles/pico-tv-blink.dir/home/tv/pico/pico-sdk/src/rp2_common/pico_stdio/stdio.c.obj
 *fill*         0x0000000010007fa5        0x3 
 .rodata.crlf_str.2
                0x0000000010007fa8        0x2 CMakeFiles/pico-tv-blink.dir/home/tv/pico/pico-sdk/src/rp2_common/pico_stdio/stdio.c.obj
 *fill*         0x0000000010007faa        0x2 
 .rodata.str1.4
                0x0000000010007fac       0x2c CMakeFiles/pico-tv-blink.dir/home/tv/pico/pico-sdk/src/rp2_common/pico_stdio_uart/stdio_uart.c.obj
 .rodata.__bi_33.4
                0x0000000010007fd8        0xc CMakeFiles/pico-tv-blink.dir/home/tv/pico/pico-sdk/src/rp2_common/pico_stdio_uart/stdio_uart.c.obj
 .rodata.__bi_34.5
                0x0000000010007fe4        0x8 CMakeFiles/pico-tv-blink.dir/home/tv/pico/pico-sdk/src/rp2_common/pico_stdio_uart/stdio_uart.c.obj
 .rodata._resetd_driver
                0x0000000010007fec       0x18 CMakeFiles/pico-tv-blink.dir/home/tv/pico/pico-sdk/src/rp2_common/pico_stdio_usb/reset_interface.c.obj
 .rodata.low_priority_worker_irq.str1.4
                0x0000000010008004       0x5d CMakeFiles/pico-tv-blink.dir/home/tv/pico/pico-sdk/src/rp2_common/pico_stdio_usb/stdio_usb.c.obj
 .rodata.stdio_usb_init.str1.4
                0x0000000010008004       0x41 CMakeFiles/pico-tv-blink.dir/home/tv/pico/pico-sdk/src/rp2_common/pico_stdio_usb/stdio_usb.c.obj
                                         0x49 (size before relaxing)
 *fill*         0x0000000010008045        0x3 
 .rodata.str1.4
                0x0000000010008048       0x13 CMakeFiles/pico-tv-blink.dir/home/tv/pico/pico-sdk/src/rp2_common/pico_stdio_usb/stdio_usb.c.obj
 *fill*         0x000000001000805b        0x1 
 .rodata.__bi_182.0
                0x000000001000805c        0xc CMakeFiles/pico-tv-blink.dir/home/tv/pico/pico-sdk/src/rp2_common/pico_stdio_usb/stdio_usb.c.obj
 .rodata.__func__.1
                0x0000000010008068        0xf CMakeFiles/pico-tv-blink.dir/home/tv/pico/pico-sdk/src/rp2_common/pico_stdio_usb/stdio_usb.c.obj
 *fill*         0x0000000010008077        0x1 
 .rodata.__func__.3
                0x0000000010008078       0x15 CMakeFiles/pico-tv-blink.dir/home/tv/pico/pico-sdk/src/rp2_common/pico_stdio_usb/stdio_usb.c.obj
 *fill*         0x000000001000808d        0x3 
 .rodata.str1.4
                0x0000000010008090       0x2a CMakeFiles/pico-tv-blink.dir/home/tv/pico/pico-sdk/src/rp2_common/pico_stdio_usb/stdio_usb_descriptors.c.obj
 *fill*         0x00000000100080ba        0x2 
 .rodata.usbd_desc_cfg
                0x00000000100080bc       0x54 CMakeFiles/pico-tv-blink.dir/home/tv/pico/pico-sdk/src/rp2_common/pico_stdio_usb/stdio_usb_descriptors.c.obj
 .rodata.usbd_desc_device
                0x0000000010008110       0x12 CMakeFiles/pico-tv-blink.dir/home/tv/pico/pico-sdk/src/rp2_common/pico_stdio_usb/stdio_usb_descriptors.c.obj
 *fill*         0x0000000010008122        0x2 
 .rodata.usbd_desc_str
                0x0000000010008124       0x18 CMakeFiles/pico-tv-blink.dir/home/tv/pico/pico-sdk/src/rp2_common/pico_stdio_usb/stdio_usb_descriptors.c.obj
 .rodata.pico_get_unique_board_id_string.str1.4
                0x000000001000813c       0x49 CMakeFiles/pico-tv-blink.dir/home/tv/pico/pico-sdk/src/rp2_common/pico_unique_id/unique_id.c.obj
 *fill*         0x0000000010008185        0x3 
 .rodata.__func__.0
                0x0000000010008188       0x20 CMakeFiles/pico-tv-blink.dir/home/tv/pico/pico-sdk/src/rp2_common/pico_unique_id/unique_id.c.obj
 .rodata.str1.4
                0x00000000100081a8      0x156 CMakeFiles/pico-tv-blink.dir/home/tv/pico/pico-sdk/src/rp2_common/hardware_flash/flash.c.obj
 *fill*         0x00000000100082fe        0x2 
 .rodata.__func__.0
                0x0000000010008300        0xd CMakeFiles/pico-tv-blink.dir/home/tv/pico/pico-sdk/src/rp2_common/hardware_flash/flash.c.obj
 *fill*         0x000000001000830d        0x3 
 .rodata._hw_endpoint_alloc.str1.4
                0x0000000010008310       0xb1 CMakeFiles/pico-tv-blink.dir/home/tv/pico/pico-sdk/lib/tinyusb/src/portable/raspberrypi/rp2040/dcd_rp2040.c.obj
 *fill*         0x00000000100083c1        0x3 
 .rodata.str1.4
                0x00000000100083c4       0x14 CMakeFiles/pico-tv-blink.dir/home/tv/pico/pico-sdk/lib/tinyusb/src/portable/raspberrypi/rp2040/dcd_rp2040.c.obj
 .rodata.dcd_int_enable.str1.4
                0x00000000100083d8        0xc CMakeFiles/pico-tv-blink.dir/home/tv/pico/pico-sdk/lib/tinyusb/src/portable/raspberrypi/rp2040/dcd_rp2040.c.obj
 .rodata.__func__.0
                0x00000000100083e4        0xe CMakeFiles/pico-tv-blink.dir/home/tv/pico/pico-sdk/lib/tinyusb/src/portable/raspberrypi/rp2040/dcd_rp2040.c.obj
 *fill*         0x00000000100083f2        0x2 
 .rodata.__func__.1
                0x00000000100083f4        0xe CMakeFiles/pico-tv-blink.dir/home/tv/pico/pico-sdk/lib/tinyusb/src/portable/raspberrypi/rp2040/dcd_rp2040.c.obj
 *fill*         0x0000000010008402        0x2 
 .rodata.__func__.3
                0x0000000010008404       0x10 CMakeFiles/pico-tv-blink.dir/home/tv/pico/pico-sdk/lib/tinyusb/src/portable/raspberrypi/rp2040/dcd_rp2040.c.obj
 .rodata.__func__.5
                0x0000000010008414        0xf CMakeFiles/pico-tv-blink.dir/home/tv/pico/pico-sdk/lib/tinyusb/src/portable/raspberrypi/rp2040/dcd_rp2040.c.obj
 *fill*         0x0000000010008423        0x1 
 .rodata.__func__.6
                0x0000000010008424       0x13 CMakeFiles/pico-tv-blink.dir/home/tv/pico/pico-sdk/lib/tinyusb/src/portable/raspberrypi/rp2040/dcd_rp2040.c.obj
 *fill*         0x0000000010008437        0x1 
 .rodata.__func__.7
                0x0000000010008438        0x9 CMakeFiles/pico-tv-blink.dir/home/tv/pico/pico-sdk/lib/tinyusb/src/portable/raspberrypi/rp2040/dcd_rp2040.c.obj
 *fill*         0x0000000010008441        0x3 
 .rodata.str1.4
                0x0000000010008444       0xd9 CMakeFiles/pico-tv-blink.dir/home/tv/pico/pico-sdk/lib/tinyusb/src/portable/raspberrypi/rp2040/rp2040_usb.c.obj
                                         0xe3 (size before relaxing)
 *fill*         0x000000001000851d        0x3 
 .rodata.__func__.0
                0x0000000010008520        0xf CMakeFiles/pico-tv-blink.dir/home/tv/pico/pico-sdk/lib/tinyusb/src/portable/raspberrypi/rp2040/rp2040_usb.c.obj
 *fill*         0x000000001000852f        0x1 
 .rodata.process_get_descriptor
                0x0000000010008530       0x40 CMakeFiles/pico-tv-blink.dir/home/tv/pico/pico-sdk/lib/tinyusb/src/device/usbd.c.obj
 .rodata.process_control_request
                0x0000000010008570       0x28 CMakeFiles/pico-tv-blink.dir/home/tv/pico/pico-sdk/lib/tinyusb/src/device/usbd.c.obj
 .rodata.tud_task_ext
                0x0000000010008598       0x24 CMakeFiles/pico-tv-blink.dir/home/tv/pico/pico-sdk/lib/tinyusb/src/device/usbd.c.obj
 .rodata._usbd_driver
                0x00000000100085bc       0x18 CMakeFiles/pico-tv-blink.dir/home/tv/pico/pico-sdk/lib/tinyusb/src/device/usbd.c.obj
                0x00000000100085d4                . = ALIGN (0x4)
 *(SORT_BY_ALIGNMENT(SORT_BY_NAME(.flashdata*)))
                0x00000000100085d4                . = ALIGN (0x4)

.ARM.extab
 *(.ARM.extab* .gnu.linkonce.armextab.*)
                0x00000000100085d4                __exidx_start = .

.ARM.exidx
 *(.ARM.exidx* .gnu.linkonce.armexidx.*)
                0x00000000100085d4                __exidx_end = .
                0x00000000100085d4                . = ALIGN (0x4)
                0x00000000100085d4                __binary_info_start = .

.binary_info    0x00000000100085d4       0x28
 *(.binary_info.keep.*)
 .binary_info.keep.__bi_ptr22
                0x00000000100085d4        0x4 CMakeFiles/pico-tv-blink.dir/home/tv/pico/pico-sdk/src/rp2_common/pico_standard_link/binary_info.c.obj
 .binary_info.keep.__bi_ptr30
                0x00000000100085d8        0x4 CMakeFiles/pico-tv-blink.dir/home/tv/pico/pico-sdk/src/rp2_common/pico_standard_link/binary_info.c.obj
 .binary_info.keep.__bi_ptr38
                0x00000000100085dc        0x4 CMakeFiles/pico-tv-blink.dir/home/tv/pico/pico-sdk/src/rp2_common/pico_standard_link/binary_info.c.obj
 .binary_info.keep.__bi_ptr44
                0x00000000100085e0        0x4 CMakeFiles/pico-tv-blink.dir/home/tv/pico/pico-sdk/src/rp2_common/pico_standard_link/binary_info.c.obj
 .binary_info.keep.__bi_ptr50
                0x00000000100085e4        0x4 CMakeFiles/pico-tv-blink.dir/home/tv/pico/pico-sdk/src/rp2_common/pico_standard_link/binary_info.c.obj
 .binary_info.keep.__bi_ptr75
                0x00000000100085e8        0x4 CMakeFiles/pico-tv-blink.dir/home/tv/pico/pico-sdk/src/rp2_common/pico_standard_link/binary_info.c.obj
 .binary_info.keep.__bi_ptr81
                0x00000000100085ec        0x4 CMakeFiles/pico-tv-blink.dir/home/tv/pico/pico-sdk/src/rp2_common/pico_standard_link/binary_info.c.obj
 *(.binary_info.*)
 .binary_info.__bi_ptr33
                0x00000000100085f0        0x4 CMakeFiles/pico-tv-blink.dir/home/tv/pico/pico-sdk/src/rp2_common/pico_stdio_uart/stdio_uart.c.obj
 .binary_info.__bi_ptr34
                0x00000000100085f4        0x4 CMakeFiles/pico-tv-blink.dir/home/tv/pico/pico-sdk/src/rp2_common/pico_stdio_uart/stdio_uart.c.obj
 .binary_info.__bi_ptr182
                0x00000000100085f8        0x4 CMakeFiles/pico-tv-blink.dir/home/tv/pico/pico-sdk/src/rp2_common/pico_stdio_usb/stdio_usb.c.obj
                0x00000000100085fc                __binary_info_end = .

.rel.dyn        0x00000000100085fc        0x0
 .rel.iplt      0x00000000100085fc        0x0 /usr/lib/gcc/arm-none-eabi/10.3.1/thumb/v6-m/nofp/crtbegin.o
                0x00000000100085fc                . = ALIGN (0x4)

.ram_vector_table
                0x0000000020000000       0xc0
 *(.ram_vector_table)
 .ram_vector_table
                0x0000000020000000       0xc0 CMakeFiles/pico-tv-blink.dir/home/tv/pico/pico-sdk/src/rp2_common/pico_runtime/runtime.c.obj
                0x0000000020000000                ram_vector_table

.data           0x00000000200000c0      0xc08 load address 0x00000000100085fc
                0x00000000200000c0                __data_start__ = .
 *(vtable)
 *(.time_critical*)
 .time_critical.mutex_try_enter
                0x00000000200000c0       0x46 CMakeFiles/pico-tv-blink.dir/home/tv/pico/pico-sdk/src/common/pico_sync/mutex.c.obj
                0x00000000200000c0                mutex_try_enter
 *fill*         0x0000000020000106        0x2 
 .time_critical.mutex_enter_block_until
                0x0000000020000108       0x8c CMakeFiles/pico-tv-blink.dir/home/tv/pico/pico-sdk/src/common/pico_sync/mutex.c.obj
                0x0000000020000108                mutex_enter_block_until
 .time_critical.mutex_try_enter_block_until
                0x0000000020000194       0x34 CMakeFiles/pico-tv-blink.dir/home/tv/pico/pico-sdk/src/common/pico_sync/mutex.c.obj
                0x0000000020000194                mutex_try_enter_block_until
 .time_critical.mutex_enter_timeout_ms
                0x00000000200001c8       0x68 CMakeFiles/pico-tv-blink.dir/home/tv/pico/pico-sdk/src/common/pico_sync/mutex.c.obj
                0x00000000200001c8                mutex_enter_timeout_ms
 .time_critical.mutex_exit
                0x0000000020000230       0x4c CMakeFiles/pico-tv-blink.dir/home/tv/pico/pico-sdk/src/common/pico_sync/mutex.c.obj
                0x0000000020000230                mutex_exit
 .time_critical.flash_init_boot2_copyout
                0x000000002000027c       0x30 CMakeFiles/pico-tv-blink.dir/home/tv/pico/pico-sdk/src/rp2_common/hardware_flash/flash.c.obj
 .time_critical.flash_enable_xip_via_boot2
                0x00000000200002ac       0x10 CMakeFiles/pico-tv-blink.dir/home/tv/pico/pico-sdk/src/rp2_common/hardware_flash/flash.c.obj
 .time_critical.flash_cs_force
                0x00000000200002bc       0x28 CMakeFiles/pico-tv-blink.dir/home/tv/pico/pico-sdk/src/rp2_common/hardware_flash/flash.c.obj
 .time_critical.flash_do_cmd
                0x00000000200002e4       0xd8 CMakeFiles/pico-tv-blink.dir/home/tv/pico/pico-sdk/src/rp2_common/hardware_flash/flash.c.obj
                0x00000000200002e4                flash_do_cmd
 .time_critical.reset_non_control_endpoints
                0x00000000200003bc       0x40 CMakeFiles/pico-tv-blink.dir/home/tv/pico/pico-sdk/lib/tinyusb/src/portable/raspberrypi/rp2040/dcd_rp2040.c.obj
 .time_critical.hw_handle_buff_status
                0x00000000200003fc       0xa4 CMakeFiles/pico-tv-blink.dir/home/tv/pico/pico-sdk/lib/tinyusb/src/portable/raspberrypi/rp2040/dcd_rp2040.c.obj
 .time_critical.dcd_rp2040_irq
                0x00000000200004a0      0x1cc CMakeFiles/pico-tv-blink.dir/home/tv/pico/pico-sdk/lib/tinyusb/src/portable/raspberrypi/rp2040/dcd_rp2040.c.obj
 .time_critical.e15_is_bulkin_ep
                0x000000002000066c       0x2c CMakeFiles/pico-tv-blink.dir/home/tv/pico/pico-sdk/lib/tinyusb/src/portable/raspberrypi/rp2040/rp2040_usb.c.obj
 .time_critical.e15_is_critical_frame_period
                0x0000000020000698       0x30 CMakeFiles/pico-tv-blink.dir/home/tv/pico/pico-sdk/lib/tinyusb/src/portable/raspberrypi/rp2040/rp2040_usb.c.obj
 .time_critical.prepare_ep_buffer
                0x00000000200006c8       0x70 CMakeFiles/pico-tv-blink.dir/home/tv/pico/pico-sdk/lib/tinyusb/src/portable/raspberrypi/rp2040/rp2040_usb.c.obj
 .time_critical.sync_ep_buffer
                0x0000000020000738       0x80 CMakeFiles/pico-tv-blink.dir/home/tv/pico/pico-sdk/lib/tinyusb/src/portable/raspberrypi/rp2040/rp2040_usb.c.obj
 .time_critical._hw_endpoint_xfer_sync
                0x00000000200007b8       0x28 CMakeFiles/pico-tv-blink.dir/home/tv/pico/pico-sdk/lib/tinyusb/src/portable/raspberrypi/rp2040/rp2040_usb.c.obj
 .time_critical.hw_endpoint_reset_transfer
                0x00000000200007e0        0xc CMakeFiles/pico-tv-blink.dir/home/tv/pico/pico-sdk/lib/tinyusb/src/portable/raspberrypi/rp2040/rp2040_usb.c.obj
                0x00000000200007e0                hw_endpoint_reset_transfer
 .time_critical._hw_endpoint_buffer_control_update32
                0x00000000200007ec       0x58 CMakeFiles/pico-tv-blink.dir/home/tv/pico/pico-sdk/lib/tinyusb/src/portable/raspberrypi/rp2040/rp2040_usb.c.obj
                0x00000000200007ec                _hw_endpoint_buffer_control_update32
 .time_critical.hw_endpoint_start_next_buffer
                0x0000000020000844       0x88 CMakeFiles/pico-tv-blink.dir/home/tv/pico/pico-sdk/lib/tinyusb/src/portable/raspberrypi/rp2040/rp2040_usb.c.obj
                0x0000000020000844                hw_endpoint_start_next_buffer
 .time_critical.hw_endpoint_xfer_continue
                0x00000000200008cc       0x50 CMakeFiles/pico-tv-blink.dir/home/tv/pico/pico-sdk/lib/tinyusb/src/portable/raspberrypi/rp2040/rp2040_usb.c.obj
                0x00000000200008cc                hw_endpoint_xfer_continue
 .time_critical.tinyusb
                0x000000002000091c      0x200 CMakeFiles/pico-tv-blink.dir/home/tv/pico/pico-sdk/lib/tinyusb/src/device/usbd.c.obj
                0x000000002000091c                dcd_event_handler
 *(.text*)
 .text          0x0000000020000b1c        0x4 /usr/lib/gcc/arm-none-eabi/10.3.1/thumb/v6-m/nofp/libgcc.a(_dvmd_tls.o)
                0x0000000020000b1c                __aeabi_ldiv0
                0x0000000020000b1c                __aeabi_idiv0
 .text.__stub   0x0000000020000b20       0x90 linker stubs
                0x0000000020000bb0                . = ALIGN (0x4)
 *(.rodata*)
                0x0000000020000bb0                . = ALIGN (0x4)
 *(.data*)
 .data.striped_spin_lock_num
                0x0000000020000bb0        0x1 CMakeFiles/pico-tv-blink.dir/home/tv/pico/pico-sdk/src/rp2_common/hardware_sync/sync.c.obj
 *fill*         0x0000000020000bb1        0x3 
 .data          0x0000000020000bb4       0x48 CMakeFiles/pico-tv-blink.dir/home/tv/pico/pico-sdk/src/rp2_common/hardware_irq/irq_handler_chain.S.obj
                0x0000000020000bb4                irq_handler_chain_slots
                0x0000000020000be4                irq_handler_chain_first_slot
                0x0000000020000bee                irq_handler_chain_remove_tail
 .data.default_alarm_pool
                0x0000000020000bfc       0x18 CMakeFiles/pico-tv-blink.dir/home/tv/pico/pico-sdk/src/common/pico_time/time.c.obj
 .data.default_alarm_pool_heap
                0x0000000020000c14       0x10 CMakeFiles/pico-tv-blink.dir/home/tv/pico/pico-sdk/src/common/pico_time/time.c.obj
 *fill*         0x0000000020000c24        0xc 
 .data.aeabi_bits_funcs
                0x0000000020000c30       0x10 CMakeFiles/pico-tv-blink.dir/home/tv/pico/pico-sdk/src/rp2_common/pico_bit_ops/bit_ops_aeabi.S.obj
                0x0000000020000c30                aeabi_bits_funcs
                0x0000000020000c40                aeabi_bits_funcs_end
 .data.aeabi_mem_funcs
                0x0000000020000c40       0x10 CMakeFiles/pico-tv-blink.dir/home/tv/pico/pico-sdk/src/rp2_common/pico_mem_ops/mem_ops_aeabi.S.obj
                0x0000000020000c40                aeabi_mem_funcs
                0x0000000020000c50                aeabi_mem_funcs_end
 .data.stdio_uart
                0x0000000020000c50       0x18 CMakeFiles/pico-tv-blink.dir/home/tv/pico/pico-sdk/src/rp2_common/pico_stdio_uart/stdio_uart.c.obj
                0x0000000020000c50                stdio_uart
 .data.stdio_usb
                0x0000000020000c68       0x18 CMakeFiles/pico-tv-blink.dir/home/tv/pico/pico-sdk/src/rp2_common/pico_stdio_usb/stdio_usb.c.obj
                0x0000000020000c68                stdio_usb
 .data.ep_dir_string
                0x0000000020000c80        0x8 CMakeFiles/pico-tv-blink.dir/home/tv/pico/pico-sdk/lib/tinyusb/src/portable/raspberrypi/rp2040/rp2040_usb.c.obj
                0x0000000020000c80                ep_dir_string
 .data._usbd_qdef
                0x0000000020000c88       0x1c CMakeFiles/pico-tv-blink.dir/home/tv/pico/pico-sdk/lib/tinyusb/src/device/usbd.c.obj
                0x0000000020000c88                _usbd_qdef
 .data._usbd_rhport
                0x0000000020000ca4        0x1 CMakeFiles/pico-tv-blink.dir/home/tv/pico/pico-sdk/lib/tinyusb/src/device/usbd.c.obj
                0x0000000020000ca8                . = ALIGN (0x4)
 *fill*         0x0000000020000ca5        0x3 
 *(.after_data.*)
                0x0000000020000ca8                . = ALIGN (0x4)
                0x0000000020000ca8                PROVIDE (__mutex_array_start = .)
 *(SORT_BY_NAME(.mutex_array.*))
 *(.mutex_array)
 .mutex_array   0x0000000020000ca8        0x8 CMakeFiles/pico-tv-blink.dir/home/tv/pico/pico-sdk/src/rp2_common/pico_stdio/stdio.c.obj
                0x0000000020000cb0                PROVIDE (__mutex_array_end = .)
                0x0000000020000cb0                . = ALIGN (0x4)
                0x0000000020000cb0                PROVIDE (__preinit_array_start = .)
 *(SORT_BY_NAME(.preinit_array.*))
 .preinit_array.00001
                0x0000000020000cb0        0x4 CMakeFiles/pico-tv-blink.dir/home/tv/pico/pico-sdk/src/rp2_common/pico_mem_ops/mem_ops_aeabi.S.obj
 .preinit_array.00010
                0x0000000020000cb4        0x4 CMakeFiles/pico-tv-blink.dir/home/tv/pico/pico-sdk/src/rp2_common/pico_bit_ops/bit_ops_aeabi.S.obj
 .preinit_array.00020
                0x0000000020000cb8        0x4 CMakeFiles/pico-tv-blink.dir/home/tv/pico/pico-sdk/src/rp2_common/pico_double/double_aeabi.S.obj